// Vitest Snapshot v1, https://vitest.dev/guide/snapshot.html

exports[`スナップショット回帰テスト > パターン1: 単身・会社員・年収500万・支出20万/月・リターン0%・10年 1`] = `
{
  "depletionAge": null,
  "fireAchievementRate": 0.02473378666666667,
  "fireAge": null,
  "fireNumber": 60000000,
  "peakAssets": 0,
  "yearlyData": [
    {
      "age": 35,
      "capitalGains": 0,
      "capitalGainsTax": 0,
      "cashAssets": 0,
      "childAllowance": 0,
      "childCosts": 0,
      "expenses": 2400000,
      "grossIncome": 5000000,
      "idecoAssets": 0,
      "income": 3884027,
      "investmentGain": 0,
      "isFireAchieved": false,
      "mortgageCost": 0,
      "nisaAssets": 0,
      "otherAssets": 0,
      "postFireSocialInsurance": 0,
      "stocks": 1484027,
      "totalTax": 1115973,
    },
    {
      "age": 36,
      "capitalGains": 0,
      "capitalGainsTax": 0,
      "cashAssets": 0,
      "childAllowance": 0,
      "childCosts": 0,
      "expenses": 2400000,
      "grossIncome": 5100000,
      "idecoAssets": 0,
      "income": 3956098,
      "investmentGain": 0,
      "isFireAchieved": false,
      "mortgageCost": 0,
      "nisaAssets": 0,
      "otherAssets": 0,
      "postFireSocialInsurance": 0,
      "stocks": 3040125,
      "totalTax": 1143902,
    },
    {
      "age": 37,
      "capitalGains": 0,
      "capitalGainsTax": 0,
      "cashAssets": 0,
      "childAllowance": 0,
      "childCosts": 0,
      "expenses": 2400000,
      "grossIncome": 5202000,
      "idecoAssets": 0,
      "income": 4029611,
      "investmentGain": 0,
      "isFireAchieved": false,
      "mortgageCost": 0,
      "nisaAssets": 0,
      "otherAssets": 0,
      "postFireSocialInsurance": 0,
      "stocks": 4669736,
      "totalTax": 1172389,
    },
    {
      "age": 38,
      "capitalGains": 0,
      "capitalGainsTax": 0,
      "cashAssets": 0,
      "childAllowance": 0,
      "childCosts": 0,
      "expenses": 2400000,
      "grossIncome": 5306040,
      "idecoAssets": 0,
      "income": 4104593,
      "investmentGain": 0,
      "isFireAchieved": false,
      "mortgageCost": 0,
      "nisaAssets": 0,
      "otherAssets": 0,
      "postFireSocialInsurance": 0,
      "stocks": 6374329,
      "totalTax": 1201447,
    },
    {
      "age": 39,
      "capitalGains": 0,
      "capitalGainsTax": 0,
      "cashAssets": 0,
      "childAllowance": 0,
      "childCosts": 0,
      "expenses": 2400000,
      "grossIncome": 5412161,
      "idecoAssets": 0,
      "income": 4181075,
      "investmentGain": 0,
      "isFireAchieved": false,
      "mortgageCost": 0,
      "nisaAssets": 0,
      "otherAssets": 0,
      "postFireSocialInsurance": 0,
      "stocks": 8155404,
      "totalTax": 1231085,
    },
    {
      "age": 40,
      "capitalGains": 0,
      "capitalGainsTax": 0,
      "cashAssets": 0,
      "childAllowance": 0,
      "childCosts": 0,
      "expenses": 2400000,
      "grossIncome": 5520404,
      "idecoAssets": 0,
      "income": 4218564,
      "investmentGain": 0,
      "isFireAchieved": false,
      "mortgageCost": 0,
      "nisaAssets": 0,
      "otherAssets": 0,
      "postFireSocialInsurance": 0,
      "stocks": 9973968,
      "totalTax": 1301840,
    },
    {
      "age": 41,
      "capitalGains": 0,
      "capitalGainsTax": 0,
      "cashAssets": 0,
      "childAllowance": 0,
      "childCosts": 0,
      "expenses": 2400000,
      "grossIncome": 5630812,
      "idecoAssets": 0,
      "income": 4297326,
      "investmentGain": 0,
      "isFireAchieved": false,
      "mortgageCost": 0,
      "nisaAssets": 0,
      "otherAssets": 0,
      "postFireSocialInsurance": 0,
      "stocks": 11871294,
      "totalTax": 1333487,
    },
    {
      "age": 42,
      "capitalGains": 0,
      "capitalGainsTax": 0,
      "cashAssets": 0,
      "childAllowance": 0,
      "childCosts": 0,
      "expenses": 2400000,
      "grossIncome": 5743428,
      "idecoAssets": 0,
      "income": 4377662,
      "investmentGain": 0,
      "isFireAchieved": false,
      "mortgageCost": 0,
      "nisaAssets": 0,
      "otherAssets": 0,
      "postFireSocialInsurance": 0,
      "stocks": 13848956,
      "totalTax": 1365766,
    },
    {
      "age": 43,
      "capitalGains": 0,
      "capitalGainsTax": 0,
      "cashAssets": 0,
      "childAllowance": 0,
      "childCosts": 0,
      "expenses": 2400000,
      "grossIncome": 5858297,
      "idecoAssets": 0,
      "income": 4459606,
      "investmentGain": 0,
      "isFireAchieved": false,
      "mortgageCost": 0,
      "nisaAssets": 0,
      "otherAssets": 0,
      "postFireSocialInsurance": 0,
      "stocks": 15908562,
      "totalTax": 1398691,
    },
    {
      "age": 44,
      "capitalGains": 0,
      "capitalGainsTax": 0,
      "cashAssets": 0,
      "childAllowance": 0,
      "childCosts": 0,
      "expenses": 2400000,
      "grossIncome": 5975463,
      "idecoAssets": 0,
      "income": 4543189,
      "investmentGain": 0,
      "isFireAchieved": false,
      "mortgageCost": 0,
      "nisaAssets": 0,
      "otherAssets": 0,
      "postFireSocialInsurance": 0,
      "stocks": 18051751,
      "totalTax": 1432274,
    },
    {
      "age": 45,
      "capitalGains": 0,
      "capitalGainsTax": 0,
      "cashAssets": 0,
      "childAllowance": 0,
      "childCosts": 0,
      "expenses": 2400000,
      "grossIncome": 6094972,
      "idecoAssets": 0,
      "income": 4628443,
      "investmentGain": 0,
      "isFireAchieved": false,
      "mortgageCost": 0,
      "nisaAssets": 0,
      "otherAssets": 0,
      "postFireSocialInsurance": 0,
      "stocks": 20280194,
      "totalTax": 1466529,
    },
  ],
}
`;

exports[`スナップショット回帰テスト > パターン2: 単身・投資リターン5%・NISA有・20年 1`] = `
{
  "depletionAge": null,
  "fireAchievementRate": 0.10105953548345745,
  "fireAge": 42,
  "fireNumber": 75000000,
  "peakAssets": 32397895.09247778,
  "yearlyData": [
    {
      "age": 35,
      "capitalGains": 0,
      "capitalGainsTax": 0,
      "cashAssets": 0,
      "childAllowance": 0,
      "childCosts": 0,
      "expenses": 3000000,
      "grossIncome": 7000000,
      "idecoAssets": 0,
      "income": 5277727,
      "investmentGain": 301738,
      "isFireAchieved": false,
      "mortgageCost": 0,
      "nisaAssets": 1227258,
      "otherAssets": 0,
      "postFireSocialInsurance": 0,
      "stocks": 6352207,
      "totalTax": 1722273,
    },
    {
      "age": 36,
      "capitalGains": 0,
      "capitalGainsTax": 0,
      "cashAssets": 0,
      "childAllowance": 0,
      "childCosts": 0,
      "expenses": 3000000,
      "grossIncome": 7140000,
      "idecoAssets": 0,
      "income": 5365039,
      "investmentGain": 432695,
      "isFireAchieved": false,
      "mortgageCost": 0,
      "nisaAssets": 2515878,
      "otherAssets": 0,
      "postFireSocialInsurance": 0,
      "stocks": 7861321,
      "totalTax": 1774961,
    },
    {
      "age": 37,
      "capitalGains": 0,
      "capitalGainsTax": 0,
      "cashAssets": 0,
      "childAllowance": 0,
      "childCosts": 0,
      "expenses": 3000000,
      "grossIncome": 7282800,
      "idecoAssets": 0,
      "income": 5454098,
      "investmentGain": 574604,
      "isFireAchieved": false,
      "mortgageCost": 0,
      "nisaAssets": 3868930,
      "otherAssets": 0,
      "postFireSocialInsurance": 0,
      "stocks": 9536971,
      "totalTax": 1828702,
    },
    {
      "age": 38,
      "capitalGains": 0,
      "capitalGainsTax": 0,
      "cashAssets": 0,
      "childAllowance": 0,
      "childCosts": 0,
      "expenses": 3000000,
      "grossIncome": 7428456,
      "idecoAssets": 0,
      "income": 5544938,
      "investmentGain": 728103,
      "isFireAchieved": false,
      "mortgageCost": 0,
      "nisaAssets": 5289634,
      "otherAssets": 0,
      "postFireSocialInsurance": 0,
      "stocks": 11389307,
      "totalTax": 1883518,
    },
    {
      "age": 39,
      "capitalGains": 0,
      "capitalGainsTax": 0,
      "cashAssets": 0,
      "childAllowance": 0,
      "childCosts": 0,
      "expenses": 3000000,
      "grossIncome": 7577025,
      "idecoAssets": 0,
      "income": 5637594,
      "investmentGain": 893859,
      "isFireAchieved": false,
      "mortgageCost": 0,
      "nisaAssets": 6781374,
      "otherAssets": 0,
      "postFireSocialInsurance": 0,
      "stocks": 13429021,
      "totalTax": 1939431,
    },
    {
      "age": 40,
      "capitalGains": 0,
      "capitalGainsTax": 0,
      "cashAssets": 0,
      "childAllowance": 0,
      "childCosts": 0,
      "expenses": 3000000,
      "grossIncome": 7728566,
      "idecoAssets": 0,
      "income": 5689542,
      "investmentGain": 1071612,
      "isFireAchieved": false,
      "mortgageCost": 0,
      "nisaAssets": 8347700,
      "otherAssets": 0,
      "postFireSocialInsurance": 0,
      "stocks": 15623849,
      "totalTax": 2039023,
    },
    {
      "age": 41,
      "capitalGains": 0,
      "capitalGainsTax": 0,
      "cashAssets": 0,
      "childAllowance": 0,
      "childCosts": 0,
      "expenses": 3000000,
      "grossIncome": 7883137,
      "idecoAssets": 0,
      "income": 5794793,
      "investmentGain": 1262061,
      "isFireAchieved": false,
      "mortgageCost": 0,
      "nisaAssets": 9992343,
      "otherAssets": 0,
      "postFireSocialInsurance": 0,
      "stocks": 18036061,
      "totalTax": 2088344,
    },
    {
      "age": 42,
      "capitalGains": 0,
      "capitalGainsTax": 0,
      "cashAssets": 0,
      "childAllowance": 0,
      "childCosts": 0,
      "expenses": 3000000,
      "grossIncome": 8040800,
      "idecoAssets": 0,
      "income": 5902150,
      "investmentGain": 1467342,
      "isFireAchieved": true,
      "mortgageCost": 0,
      "nisaAssets": 11719218,
      "otherAssets": 0,
      "postFireSocialInsurance": 0,
      "stocks": 20678677,
      "totalTax": 2138650,
    },
    {
      "age": 43,
      "capitalGains": 1086971,
      "capitalGainsTax": 220818,
      "cashAssets": 0,
      "childAllowance": 0,
      "childCosts": 0,
      "expenses": 3000000,
      "grossIncome": 0,
      "idecoAssets": 0,
      "income": 0,
      "investmentGain": 1546828,
      "isFireAchieved": true,
      "mortgageCost": 0,
      "nisaAssets": 12305179,
      "otherAssets": 0,
      "postFireSocialInsurance": 0,
      "stocks": 18418726,
      "totalTax": 0,
    },
    {
      "age": 44,
      "capitalGains": 1196815,
      "capitalGainsTax": 243133,
      "cashAssets": 0,
      "childAllowance": 0,
      "childCosts": 0,
      "expenses": 3000000,
      "grossIncome": 0,
      "idecoAssets": 0,
      "income": 0,
      "investmentGain": 1462619,
      "isFireAchieved": true,
      "mortgageCost": 0,
      "nisaAssets": 12920438,
      "otherAssets": 0,
      "postFireSocialInsurance": 0,
      "stocks": 16022953,
      "totalTax": 0,
    },
    {
      "age": 45,
      "capitalGains": 1302854,
      "capitalGainsTax": 264675,
      "cashAssets": 0,
      "childAllowance": 0,
      "childCosts": 0,
      "expenses": 3000000,
      "grossIncome": 0,
      "idecoAssets": 0,
      "income": 0,
      "investmentGain": 1373101,
      "isFireAchieved": true,
      "mortgageCost": 0,
      "nisaAssets": 13566460,
      "otherAssets": 0,
      "postFireSocialInsurance": 0,
      "stocks": 13485357,
      "totalTax": 0,
    },
    {
      "age": 46,
      "capitalGains": 1405161,
      "capitalGainsTax": 285458,
      "cashAssets": 0,
      "childAllowance": 0,
      "childCosts": 0,
      "expenses": 3000000,
      "grossIncome": 0,
      "idecoAssets": 0,
      "income": 0,
      "investmentGain": 1278047,
      "isFireAchieved": true,
      "mortgageCost": 0,
      "nisaAssets": 14244783,
      "otherAssets": 0,
      "postFireSocialInsurance": 0,
      "stocks": 10799622,
      "totalTax": 0,
    },
    {
      "age": 47,
      "capitalGains": 1503815,
      "capitalGainsTax": 305500,
      "cashAssets": 0,
      "childAllowance": 0,
      "childCosts": 0,
      "expenses": 3000000,
      "grossIncome": 0,
      "idecoAssets": 0,
      "income": 0,
      "investmentGain": 1177218,
      "isFireAchieved": true,
      "mortgageCost": 0,
      "nisaAssets": 14957022,
      "otherAssets": 0,
      "postFireSocialInsurance": 0,
      "stocks": 7959101,
      "totalTax": 0,
    },
    {
      "age": 48,
      "capitalGains": 1598896,
      "capitalGainsTax": 324816,
      "cashAssets": 0,
      "childAllowance": 0,
      "childCosts": 0,
      "expenses": 3000000,
      "grossIncome": 0,
      "idecoAssets": 0,
      "income": 0,
      "investmentGain": 1070362,
      "isFireAchieved": true,
      "mortgageCost": 0,
      "nisaAssets": 15704873,
      "otherAssets": 0,
      "postFireSocialInsurance": 0,
      "stocks": 4956796,
      "totalTax": 0,
    },
    {
      "age": 49,
      "capitalGains": 1690489,
      "capitalGainsTax": 343423,
      "cashAssets": 0,
      "childAllowance": 0,
      "childCosts": 0,
      "expenses": 3000000,
      "grossIncome": 0,
      "idecoAssets": 0,
      "income": 0,
      "investmentGain": 957214,
      "isFireAchieved": true,
      "mortgageCost": 0,
      "nisaAssets": 16490116,
      "otherAssets": 0,
      "postFireSocialInsurance": 0,
      "stocks": 1785343,
      "totalTax": 0,
    },
    {
      "age": 50,
      "capitalGains": 949738,
      "capitalGainsTax": 192939,
      "cashAssets": 0,
      "childAllowance": 0,
      "childCosts": 0,
      "expenses": 3000000,
      "grossIncome": 0,
      "idecoAssets": 0,
      "income": 0,
      "investmentGain": 839060,
      "isFireAchieved": true,
      "mortgageCost": 0,
      "nisaAssets": 15921581,
      "otherAssets": 0,
      "postFireSocialInsurance": 0,
      "stocks": 0,
      "totalTax": 0,
    },
    {
      "age": 51,
      "capitalGains": 0,
      "capitalGainsTax": 0,
      "cashAssets": 0,
      "childAllowance": 0,
      "childCosts": 0,
      "expenses": 3000000,
      "grossIncome": 0,
      "idecoAssets": 0,
      "income": 0,
      "investmentGain": 727935,
      "isFireAchieved": true,
      "mortgageCost": 0,
      "nisaAssets": 13649515,
      "otherAssets": 0,
      "postFireSocialInsurance": 0,
      "stocks": 0,
      "totalTax": 0,
    },
    {
      "age": 52,
      "capitalGains": 0,
      "capitalGainsTax": 0,
      "cashAssets": 0,
      "childAllowance": 0,
      "childCosts": 0,
      "expenses": 3000000,
      "grossIncome": 0,
      "idecoAssets": 0,
      "income": 0,
      "investmentGain": 614331,
      "isFireAchieved": true,
      "mortgageCost": 0,
      "nisaAssets": 11263847,
      "otherAssets": 0,
      "postFireSocialInsurance": 0,
      "stocks": 0,
      "totalTax": 0,
    },
    {
      "age": 53,
      "capitalGains": 0,
      "capitalGainsTax": 0,
      "cashAssets": 0,
      "childAllowance": 0,
      "childCosts": 0,
      "expenses": 3000000,
      "grossIncome": 0,
      "idecoAssets": 0,
      "income": 0,
      "investmentGain": 495048,
      "isFireAchieved": true,
      "mortgageCost": 0,
      "nisaAssets": 8758895,
      "otherAssets": 0,
      "postFireSocialInsurance": 0,
      "stocks": 0,
      "totalTax": 0,
    },
    {
      "age": 54,
      "capitalGains": 0,
      "capitalGainsTax": 0,
      "cashAssets": 0,
      "childAllowance": 0,
      "childCosts": 0,
      "expenses": 3000000,
      "grossIncome": 0,
      "idecoAssets": 0,
      "income": 0,
      "investmentGain": 369800,
      "isFireAchieved": true,
      "mortgageCost": 0,
      "nisaAssets": 6128695,
      "otherAssets": 0,
      "postFireSocialInsurance": 0,
      "stocks": 0,
      "totalTax": 0,
    },
    {
      "age": 55,
      "capitalGains": 0,
      "capitalGainsTax": 0,
      "cashAssets": 0,
      "childAllowance": 0,
      "childCosts": 0,
      "expenses": 3000000,
      "grossIncome": 0,
      "idecoAssets": 0,
      "income": 0,
      "investmentGain": 238290,
      "isFireAchieved": true,
      "mortgageCost": 0,
      "nisaAssets": 3366985,
      "otherAssets": 0,
      "postFireSocialInsurance": 0,
      "stocks": 0,
      "totalTax": 0,
    },
  ],
}
`;

exports[`スナップショット回帰テスト > パターン3: 夫婦・子1人・NISA+iDeCo・30年 1`] = `
{
  "depletionAge": null,
  "fireAchievementRate": 0.14909006943164194,
  "fireAge": 35,
  "fireNumber": 105000000,
  "peakAssets": 15654457.290322402,
  "yearlyData": [
    {
      "age": 35,
      "capitalGains": 0,
      "capitalGainsTax": 0,
      "cashAssets": 2000000,
      "childAllowance": 120000,
      "childCosts": 220000,
      "expenses": 4420000,
      "grossIncome": 12000000,
      "idecoAssets": 282269,
      "income": 9281754,
      "investmentGain": 516703,
      "isFireAchieved": true,
      "mortgageCost": 0,
      "nisaAssets": 1227258,
      "otherAssets": 0,
      "postFireSocialInsurance": 0,
      "stocks": 12144930,
      "totalTax": 2838246,
    },
    {
      "age": 36,
      "capitalGains": 0,
      "capitalGainsTax": 0,
      "cashAssets": 518138,
      "childAllowance": 120000,
      "childCosts": 222200,
      "expenses": 5557960,
      "grossIncome": 5100000,
      "idecoAssets": 296383,
      "income": 4076098,
      "investmentGain": 682723,
      "isFireAchieved": true,
      "mortgageCost": 0,
      "nisaAssets": 1288621,
      "otherAssets": 0,
      "postFireSocialInsurance": 1093760,
      "stocks": 12752177,
      "totalTax": 1143902,
    },
    {
      "age": 37,
      "capitalGains": 88774,
      "capitalGainsTax": 18034,
      "cashAssets": 0,
      "childAllowance": 120000,
      "childCosts": 326432,
      "expenses": 4974612,
      "grossIncome": 5202000,
      "idecoAssets": 311202,
      "income": 4149611,
      "investmentGain": 714523,
      "isFireAchieved": true,
      "mortgageCost": 0,
      "nisaAssets": 1353052,
      "otherAssets": 0,
      "postFireSocialInsurance": 363760,
      "stocks": 13062552,
      "totalTax": 1172389,
    },
    {
      "age": 38,
      "capitalGains": 251808,
      "capitalGainsTax": 51155,
      "cashAssets": 0,
      "childAllowance": 120000,
      "childCosts": 329696,
      "expenses": 5020721,
      "grossIncome": 5306040,
      "idecoAssets": 326762,
      "income": 4224593,
      "investmentGain": 717120,
      "isFireAchieved": true,
      "mortgageCost": 0,
      "nisaAssets": 1420704,
      "otherAssets": 0,
      "postFireSocialInsurance": 363760,
      "stocks": 12849177,
      "totalTax": 1201447,
    },
    {
      "age": 39,
      "capitalGains": 271602,
      "capitalGainsTax": 55176,
      "cashAssets": 0,
      "childAllowance": 120000,
      "childCosts": 332993,
      "expenses": 5067290,
      "grossIncome": 5412161,
      "idecoAssets": 343100,
      "income": 4301075,
      "investmentGain": 711199,
      "isFireAchieved": true,
      "mortgageCost": 0,
      "nisaAssets": 1491739,
      "otherAssets": 0,
      "postFireSocialInsurance": 363760,
      "stocks": 12651612,
      "totalTax": 1231085,
    },
    {
      "age": 40,
      "capitalGains": 307308,
      "capitalGainsTax": 62430,
      "cashAssets": 0,
      "childAllowance": 120000,
      "childCosts": 336323,
      "expenses": 5164325,
      "grossIncome": 5520404,
      "idecoAssets": 360255,
      "income": 4379087,
      "investmentGain": 705092,
      "isFireAchieved": true,
      "mortgageCost": 0,
      "nisaAssets": 1566326,
      "otherAssets": 0,
      "postFireSocialInsurance": 413760,
      "stocks": 12417294,
      "totalTax": 1261317,
    },
    {
      "age": 41,
      "capitalGains": 321580,
      "capitalGainsTax": 65329,
      "cashAssets": 0,
      "childAllowance": 120000,
      "childCosts": 339686,
      "expenses": 5211831,
      "grossIncome": 5630812,
      "idecoAssets": 378268,
      "income": 4458659,
      "investmentGain": 698624,
      "isFireAchieved": true,
      "mortgageCost": 0,
      "nisaAssets": 1644643,
      "otherAssets": 0,
      "postFireSocialInsurance": 413760,
      "stocks": 12201088,
      "totalTax": 1292153,
    },
    {
      "age": 42,
      "capitalGains": 351601,
      "capitalGainsTax": 71428,
      "cashAssets": 0,
      "childAllowance": 120000,
      "childCosts": 343083,
      "expenses": 5259812,
      "grossIncome": 5743428,
      "idecoAssets": 397181,
      "income": 4497662,
      "investmentGain": 692287,
      "isFireAchieved": true,
      "mortgageCost": 0,
      "nisaAssets": 1726875,
      "otherAssets": 0,
      "postFireSocialInsurance": 413760,
      "stocks": 11958653,
      "totalTax": 1365766,
    },
    {
      "age": 43,
      "capitalGains": 451325,
      "capitalGainsTax": 91687,
      "cashAssets": 0,
      "childAllowance": 120000,
      "childCosts": 530600,
      "expenses": 5492358,
      "grossIncome": 5858297,
      "idecoAssets": 417040,
      "income": 4579606,
      "investmentGain": 681345,
      "isFireAchieved": true,
      "mortgageCost": 0,
      "nisaAssets": 1813219,
      "otherAssets": 0,
      "postFireSocialInsurance": 413760,
      "stocks": 11529356,
      "totalTax": 1398691,
    },
    {
      "age": 44,
      "capitalGains": 464966,
      "capitalGainsTax": 94458,
      "cashAssets": 0,
      "childAllowance": 120000,
      "childCosts": 535906,
      "expenses": 5546469,
      "grossIncome": 5975463,
      "idecoAssets": 437892,
      "income": 4663189,
      "investmentGain": 665795,
      "isFireAchieved": true,
      "mortgageCost": 0,
      "nisaAssets": 1903880,
      "otherAssets": 0,
      "postFireSocialInsurance": 417085,
      "stocks": 11105900,
      "totalTax": 1432274,
    },
    {
      "age": 45,
      "capitalGains": 474410,
      "capitalGainsTax": 96376,
      "cashAssets": 0,
      "childAllowance": 120000,
      "childCosts": 541265,
      "expenses": 5599889,
      "grossIncome": 6094972,
      "idecoAssets": 459787,
      "income": 4748443,
      "investmentGain": 650876,
      "isFireAchieved": true,
      "mortgageCost": 0,
      "nisaAssets": 1999074,
      "otherAssets": 0,
      "postFireSocialInsurance": 419211,
      "stocks": 10691865,
      "totalTax": 1466529,
    },
    {
      "age": 46,
      "capitalGains": 460236,
      "capitalGainsTax": 93497,
      "cashAssets": 0,
      "childAllowance": 120000,
      "childCosts": 513207,
      "expenses": 5619698,
      "grossIncome": 6216872,
      "idecoAssets": 482776,
      "income": 4835402,
      "investmentGain": 637616,
      "isFireAchieved": true,
      "mortgageCost": 0,
      "nisaAssets": 2099027,
      "otherAssets": 0,
      "postFireSocialInsurance": 420683,
      "stocks": 10328745,
      "totalTax": 1501469,
    },
    {
      "age": 47,
      "capitalGains": 458657,
      "capitalGainsTax": 93176,
      "cashAssets": 0,
      "childAllowance": 120000,
      "childCosts": 518340,
      "expenses": 5669478,
      "grossIncome": 6341209,
      "idecoAssets": 506915,
      "income": 4924101,
      "investmentGain": 626497,
      "isFireAchieved": true,
      "mortgageCost": 0,
      "nisaAssets": 2203979,
      "otherAssets": 0,
      "postFireSocialInsurance": 418474,
      "stocks": 9987598,
      "totalTax": 1537108,
    },
    {
      "age": 48,
      "capitalGains": 454550,
      "capitalGainsTax": 92342,
      "cashAssets": 0,
      "childAllowance": 120000,
      "childCosts": 523523,
      "expenses": 5721742,
      "grossIncome": 6468033,
      "idecoAssets": 532261,
      "income": 5014573,
      "investmentGain": 616780,
      "isFireAchieved": true,
      "mortgageCost": 0,
      "nisaAssets": 2314178,
      "otherAssets": 0,
      "postFireSocialInsurance": 418228,
      "stocks": 9669322,
      "totalTax": 1573460,
    },
    {
      "age": 49,
      "capitalGains": 590044,
      "capitalGainsTax": 119867,
      "cashAssets": 0,
      "childAllowance": 0,
      "childCosts": 620716,
      "expenses": 5866095,
      "grossIncome": 6597394,
      "idecoAssets": 558874,
      "income": 4984326,
      "investmentGain": 603055,
      "isFireAchieved": true,
      "mortgageCost": 0,
      "nisaAssets": 2429886,
      "otherAssets": 0,
      "postFireSocialInsurance": 417587,
      "stocks": 9128420,
      "totalTax": 1613067,
    },
    {
      "age": 50,
      "capitalGains": 608299,
      "capitalGainsTax": 123576,
      "cashAssets": 0,
      "childAllowance": 0,
      "childCosts": 626923,
      "expenses": 5941704,
      "grossIncome": 6729342,
      "idecoAssets": 586818,
      "income": 5065852,
      "investmentGain": 583175,
      "isFireAchieved": true,
      "mortgageCost": 0,
      "nisaAssets": 2551381,
      "otherAssets": 0,
      "postFireSocialInsurance": 438711,
      "stocks": 8562729,
      "totalTax": 1663490,
    },
    {
      "age": 51,
      "capitalGains": 611529,
      "capitalGainsTax": 124232,
      "cashAssets": 0,
      "childAllowance": 0,
      "childCosts": 633192,
      "expenses": 5999580,
      "grossIncome": 6863929,
      "idecoAssets": 616158,
      "income": 5148926,
      "investmentGain": 562919,
      "isFireAchieved": true,
      "mortgageCost": 0,
      "nisaAssets": 2678950,
      "otherAssets": 0,
      "postFireSocialInsurance": 441557,
      "stocks": 7993853,
      "totalTax": 1715002,
    },
    {
      "age": 52,
      "capitalGains": 4495123,
      "capitalGainsTax": 913184,
      "cashAssets": 0,
      "childAllowance": 0,
      "childCosts": 639524,
      "expenses": 6055663,
      "grossIncome": 0,
      "idecoAssets": 646966,
      "income": 0,
      "investmentGain": 406269,
      "isFireAchieved": true,
      "mortgageCost": 0,
      "nisaAssets": 2812897,
      "otherAssets": 0,
      "postFireSocialInsurance": 442060,
      "stocks": 1266519,
      "totalTax": 0,
    },
    {
      "age": 53,
      "capitalGains": 835323,
      "capitalGainsTax": 169696,
      "cashAssets": 0,
      "childAllowance": 0,
      "childCosts": 0,
      "expenses": 6071332,
      "grossIncome": 0,
      "idecoAssets": 679315,
      "income": 0,
      "investmentGain": 104577,
      "isFireAchieved": true,
      "mortgageCost": 0,
      "nisaAssets": 0,
      "otherAssets": 0,
      "postFireSocialInsurance": 1047513,
      "stocks": 0,
      "totalTax": 0,
    },
    {
      "age": 54,
      "capitalGains": 0,
      "capitalGainsTax": 0,
      "cashAssets": 0,
      "childAllowance": 0,
      "childCosts": 0,
      "expenses": 5551007,
      "grossIncome": 0,
      "idecoAssets": 713280,
      "income": 0,
      "investmentGain": 33966,
      "isFireAchieved": true,
      "mortgageCost": 0,
      "nisaAssets": 0,
      "otherAssets": 0,
      "postFireSocialInsurance": 476950,
      "stocks": 0,
      "totalTax": 0,
    },
    {
      "age": 55,
      "capitalGains": 0,
      "capitalGainsTax": 0,
      "cashAssets": 0,
      "childAllowance": 0,
      "childCosts": 0,
      "expenses": 5538558,
      "grossIncome": 0,
      "idecoAssets": 748944,
      "income": 0,
      "investmentGain": 35664,
      "isFireAchieved": true,
      "mortgageCost": 0,
      "nisaAssets": 0,
      "otherAssets": 0,
      "postFireSocialInsurance": 413760,
      "stocks": 0,
      "totalTax": 0,
    },
    {
      "age": 56,
      "capitalGains": 0,
      "capitalGainsTax": 0,
      "cashAssets": 0,
      "childAllowance": 0,
      "childCosts": 0,
      "expenses": 5589806,
      "grossIncome": 0,
      "idecoAssets": 786392,
      "income": 0,
      "investmentGain": 37447,
      "isFireAchieved": true,
      "mortgageCost": 0,
      "nisaAssets": 0,
      "otherAssets": 0,
      "postFireSocialInsurance": 413760,
      "stocks": 0,
      "totalTax": 0,
    },
    {
      "age": 57,
      "capitalGains": 0,
      "capitalGainsTax": 0,
      "cashAssets": 0,
      "childAllowance": 0,
      "childCosts": 0,
      "expenses": 5641567,
      "grossIncome": 0,
      "idecoAssets": 825711,
      "income": 0,
      "investmentGain": 39320,
      "isFireAchieved": true,
      "mortgageCost": 0,
      "nisaAssets": 0,
      "otherAssets": 0,
      "postFireSocialInsurance": 413760,
      "stocks": 0,
      "totalTax": 0,
    },
    {
      "age": 58,
      "capitalGains": 0,
      "capitalGainsTax": 0,
      "cashAssets": 0,
      "childAllowance": 0,
      "childCosts": 0,
      "expenses": 5693845,
      "grossIncome": 0,
      "idecoAssets": 866997,
      "income": 0,
      "investmentGain": 41286,
      "isFireAchieved": true,
      "mortgageCost": 0,
      "nisaAssets": 0,
      "otherAssets": 0,
      "postFireSocialInsurance": 413760,
      "stocks": 0,
      "totalTax": 0,
    },
    {
      "age": 59,
      "capitalGains": 0,
      "capitalGainsTax": 0,
      "cashAssets": 0,
      "childAllowance": 0,
      "childCosts": 0,
      "expenses": 5746646,
      "grossIncome": 0,
      "idecoAssets": 910347,
      "income": 0,
      "investmentGain": 43350,
      "isFireAchieved": true,
      "mortgageCost": 0,
      "nisaAssets": 0,
      "otherAssets": 0,
      "postFireSocialInsurance": 413760,
      "stocks": 0,
      "totalTax": 0,
    },
    {
      "age": 60,
      "capitalGains": 0,
      "capitalGainsTax": 0,
      "cashAssets": 0,
      "childAllowance": 0,
      "childCosts": 0,
      "expenses": 5596214,
      "grossIncome": 0,
      "idecoAssets": 955864,
      "income": 0,
      "investmentGain": 45517,
      "isFireAchieved": true,
      "mortgageCost": 0,
      "nisaAssets": 0,
      "otherAssets": 0,
      "postFireSocialInsurance": 210000,
      "stocks": 0,
      "totalTax": 0,
    },
    {
      "age": 61,
      "capitalGains": 0,
      "capitalGainsTax": 0,
      "cashAssets": 0,
      "childAllowance": 0,
      "childCosts": 0,
      "expenses": 5650077,
      "grossIncome": 0,
      "idecoAssets": 1003657,
      "income": 0,
      "investmentGain": 47793,
      "isFireAchieved": true,
      "mortgageCost": 0,
      "nisaAssets": 0,
      "otherAssets": 0,
      "postFireSocialInsurance": 210000,
      "stocks": 0,
      "totalTax": 0,
    },
    {
      "age": 62,
      "capitalGains": 0,
      "capitalGainsTax": 0,
      "cashAssets": 0,
      "childAllowance": 0,
      "childCosts": 0,
      "expenses": 5704477,
      "grossIncome": 0,
      "idecoAssets": 1053840,
      "income": 0,
      "investmentGain": 50183,
      "isFireAchieved": true,
      "mortgageCost": 0,
      "nisaAssets": 0,
      "otherAssets": 0,
      "postFireSocialInsurance": 210000,
      "stocks": 0,
      "totalTax": 0,
    },
    {
      "age": 63,
      "capitalGains": 0,
      "capitalGainsTax": 0,
      "cashAssets": 0,
      "childAllowance": 0,
      "childCosts": 0,
      "expenses": 5759422,
      "grossIncome": 0,
      "idecoAssets": 1106532,
      "income": 0,
      "investmentGain": 52692,
      "isFireAchieved": true,
      "mortgageCost": 0,
      "nisaAssets": 0,
      "otherAssets": 0,
      "postFireSocialInsurance": 210000,
      "stocks": 0,
      "totalTax": 0,
    },
    {
      "age": 64,
      "capitalGains": 0,
      "capitalGainsTax": 0,
      "cashAssets": 0,
      "childAllowance": 0,
      "childCosts": 0,
      "expenses": 5814916,
      "grossIncome": 0,
      "idecoAssets": 1161859,
      "income": 0,
      "investmentGain": 55327,
      "isFireAchieved": true,
      "mortgageCost": 0,
      "nisaAssets": 0,
      "otherAssets": 0,
      "postFireSocialInsurance": 210000,
      "stocks": 0,
      "totalTax": 0,
    },
    {
      "age": 65,
      "capitalGains": 0,
      "capitalGainsTax": 0,
      "cashAssets": 0,
      "childAllowance": 0,
      "childCosts": 0,
      "expenses": 5820965,
      "grossIncome": 1500000,
      "idecoAssets": 1219952,
      "income": 1224588,
      "investmentGain": 58093,
      "isFireAchieved": true,
      "mortgageCost": 0,
      "nisaAssets": 0,
      "otherAssets": 0,
      "postFireSocialInsurance": 160000,
      "stocks": 0,
      "totalTax": 275412,
    },
  ],
}
`;

exports[`スナップショット回帰テスト > パターン4: FIRE後取り崩し・資産枯渇ケース 1`] = `
{
  "depletionAge": 58,
  "fireAchievementRate": 0.29974114737041285,
  "fireAge": null,
  "fireNumber": 90000000,
  "peakAssets": 30000000,
  "yearlyData": [
    {
      "age": 50,
      "capitalGains": 1331053,
      "capitalGainsTax": 270403,
      "cashAssets": 0,
      "childAllowance": 0,
      "childCosts": 0,
      "expenses": 3600000,
      "grossIncome": 0,
      "idecoAssets": 0,
      "income": 0,
      "investmentGain": 847107,
      "isFireAchieved": false,
      "mortgageCost": 0,
      "nisaAssets": 0,
      "otherAssets": 0,
      "postFireSocialInsurance": 0,
      "stocks": 26976703,
      "totalTax": 0,
    },
    {
      "age": 51,
      "capitalGains": 1410902,
      "capitalGainsTax": 286625,
      "cashAssets": 0,
      "childAllowance": 0,
      "childCosts": 0,
      "expenses": 3600000,
      "grossIncome": 0,
      "idecoAssets": 0,
      "income": 0,
      "investmentGain": 756185,
      "isFireAchieved": false,
      "mortgageCost": 0,
      "nisaAssets": 0,
      "otherAssets": 0,
      "postFireSocialInsurance": 0,
      "stocks": 23846263,
      "totalTax": 0,
    },
    {
      "age": 52,
      "capitalGains": 1489069,
      "capitalGainsTax": 302504,
      "cashAssets": 0,
      "childAllowance": 0,
      "childCosts": 0,
      "expenses": 3600000,
      "grossIncome": 0,
      "idecoAssets": 0,
      "income": 0,
      "investmentGain": 662054,
      "isFireAchieved": false,
      "mortgageCost": 0,
      "nisaAssets": 0,
      "otherAssets": 0,
      "postFireSocialInsurance": 0,
      "stocks": 20605813,
      "totalTax": 0,
    },
    {
      "age": 53,
      "capitalGains": 1565573,
      "capitalGainsTax": 318046,
      "cashAssets": 0,
      "childAllowance": 0,
      "childCosts": 0,
      "expenses": 3600000,
      "grossIncome": 0,
      "idecoAssets": 0,
      "income": 0,
      "investmentGain": 564627,
      "isFireAchieved": false,
      "mortgageCost": 0,
      "nisaAssets": 0,
      "otherAssets": 0,
      "postFireSocialInsurance": 0,
      "stocks": 17252394,
      "totalTax": 0,
    },
    {
      "age": 54,
      "capitalGains": 1640434,
      "capitalGainsTax": 333254,
      "cashAssets": 0,
      "childAllowance": 0,
      "childCosts": 0,
      "expenses": 3600000,
      "grossIncome": 0,
      "idecoAssets": 0,
      "income": 0,
      "investmentGain": 463815,
      "isFireAchieved": false,
      "mortgageCost": 0,
      "nisaAssets": 0,
      "otherAssets": 0,
      "postFireSocialInsurance": 0,
      "stocks": 13782955,
      "totalTax": 0,
    },
    {
      "age": 55,
      "capitalGains": 1713673,
      "capitalGainsTax": 348133,
      "cashAssets": 0,
      "childAllowance": 0,
      "childCosts": 0,
      "expenses": 3600000,
      "grossIncome": 0,
      "idecoAssets": 0,
      "income": 0,
      "investmentGain": 359528,
      "isFireAchieved": false,
      "mortgageCost": 0,
      "nisaAssets": 0,
      "otherAssets": 0,
      "postFireSocialInsurance": 0,
      "stocks": 10194350,
      "totalTax": 0,
    },
    {
      "age": 56,
      "capitalGains": 1785310,
      "capitalGainsTax": 362686,
      "cashAssets": 0,
      "childAllowance": 0,
      "childCosts": 0,
      "expenses": 3600000,
      "grossIncome": 0,
      "idecoAssets": 0,
      "income": 0,
      "investmentGain": 251670,
      "isFireAchieved": false,
      "mortgageCost": 0,
      "nisaAssets": 0,
      "otherAssets": 0,
      "postFireSocialInsurance": 0,
      "stocks": 6483335,
      "totalTax": 0,
    },
    {
      "age": 57,
      "capitalGains": 1855368,
      "capitalGainsTax": 376918,
      "cashAssets": 0,
      "childAllowance": 0,
      "childCosts": 0,
      "expenses": 3600000,
      "grossIncome": 0,
      "idecoAssets": 0,
      "income": 0,
      "investmentGain": 140144,
      "isFireAchieved": false,
      "mortgageCost": 0,
      "nisaAssets": 0,
      "otherAssets": 0,
      "postFireSocialInsurance": 0,
      "stocks": 2646561,
      "totalTax": 0,
    },
    {
      "age": 58,
      "capitalGains": 1283404,
      "capitalGainsTax": 260724,
      "cashAssets": 0,
      "childAllowance": 0,
      "childCosts": 0,
      "expenses": 3600000,
      "grossIncome": 0,
      "idecoAssets": 0,
      "income": 0,
      "investmentGain": 29656,
      "isFireAchieved": false,
      "mortgageCost": 0,
      "nisaAssets": 0,
      "otherAssets": 0,
      "postFireSocialInsurance": 0,
      "stocks": 0,
      "totalTax": 0,
    },
    {
      "age": 59,
      "capitalGains": 0,
      "capitalGainsTax": 0,
      "cashAssets": 0,
      "childAllowance": 0,
      "childCosts": 0,
      "expenses": 3600000,
      "grossIncome": 0,
      "idecoAssets": 0,
      "income": 0,
      "investmentGain": 0,
      "isFireAchieved": false,
      "mortgageCost": 0,
      "nisaAssets": 0,
      "otherAssets": 0,
      "postFireSocialInsurance": 0,
      "stocks": 0,
      "totalTax": 0,
    },
    {
      "age": 60,
      "capitalGains": 0,
      "capitalGainsTax": 0,
      "cashAssets": 0,
      "childAllowance": 0,
      "childCosts": 0,
      "expenses": 3600000,
      "grossIncome": 0,
      "idecoAssets": 0,
      "income": 0,
      "investmentGain": 0,
      "isFireAchieved": false,
      "mortgageCost": 0,
      "nisaAssets": 0,
      "otherAssets": 0,
      "postFireSocialInsurance": 0,
      "stocks": 0,
      "totalTax": 0,
    },
    {
      "age": 61,
      "capitalGains": 0,
      "capitalGainsTax": 0,
      "cashAssets": 0,
      "childAllowance": 0,
      "childCosts": 0,
      "expenses": 3600000,
      "grossIncome": 0,
      "idecoAssets": 0,
      "income": 0,
      "investmentGain": 0,
      "isFireAchieved": false,
      "mortgageCost": 0,
      "nisaAssets": 0,
      "otherAssets": 0,
      "postFireSocialInsurance": 0,
      "stocks": 0,
      "totalTax": 0,
    },
    {
      "age": 62,
      "capitalGains": 0,
      "capitalGainsTax": 0,
      "cashAssets": 0,
      "childAllowance": 0,
      "childCosts": 0,
      "expenses": 3600000,
      "grossIncome": 0,
      "idecoAssets": 0,
      "income": 0,
      "investmentGain": 0,
      "isFireAchieved": false,
      "mortgageCost": 0,
      "nisaAssets": 0,
      "otherAssets": 0,
      "postFireSocialInsurance": 0,
      "stocks": 0,
      "totalTax": 0,
    },
    {
      "age": 63,
      "capitalGains": 0,
      "capitalGainsTax": 0,
      "cashAssets": 0,
      "childAllowance": 0,
      "childCosts": 0,
      "expenses": 3600000,
      "grossIncome": 0,
      "idecoAssets": 0,
      "income": 0,
      "investmentGain": 0,
      "isFireAchieved": false,
      "mortgageCost": 0,
      "nisaAssets": 0,
      "otherAssets": 0,
      "postFireSocialInsurance": 0,
      "stocks": 0,
      "totalTax": 0,
    },
    {
      "age": 64,
      "capitalGains": 0,
      "capitalGainsTax": 0,
      "cashAssets": 0,
      "childAllowance": 0,
      "childCosts": 0,
      "expenses": 3600000,
      "grossIncome": 0,
      "idecoAssets": 0,
      "income": 0,
      "investmentGain": 0,
      "isFireAchieved": false,
      "mortgageCost": 0,
      "nisaAssets": 0,
      "otherAssets": 0,
      "postFireSocialInsurance": 0,
      "stocks": 0,
      "totalTax": 0,
    },
    {
      "age": 65,
      "capitalGains": 0,
      "capitalGainsTax": 0,
      "cashAssets": 0,
      "childAllowance": 0,
      "childCosts": 0,
      "expenses": 3600000,
      "grossIncome": 1500000,
      "idecoAssets": 0,
      "income": 1224588,
      "investmentGain": 0,
      "isFireAchieved": false,
      "mortgageCost": 0,
      "nisaAssets": 0,
      "otherAssets": 0,
      "postFireSocialInsurance": 0,
      "stocks": 0,
      "totalTax": 275412,
    },
    {
      "age": 66,
      "capitalGains": 0,
      "capitalGainsTax": 0,
      "cashAssets": 0,
      "childAllowance": 0,
      "childCosts": 0,
      "expenses": 3600000,
      "grossIncome": 1500000,
      "idecoAssets": 0,
      "income": 1224588,
      "investmentGain": 0,
      "isFireAchieved": false,
      "mortgageCost": 0,
      "nisaAssets": 0,
      "otherAssets": 0,
      "postFireSocialInsurance": 0,
      "stocks": 0,
      "totalTax": 275412,
    },
    {
      "age": 67,
      "capitalGains": 0,
      "capitalGainsTax": 0,
      "cashAssets": 0,
      "childAllowance": 0,
      "childCosts": 0,
      "expenses": 3600000,
      "grossIncome": 1500000,
      "idecoAssets": 0,
      "income": 1224588,
      "investmentGain": 0,
      "isFireAchieved": false,
      "mortgageCost": 0,
      "nisaAssets": 0,
      "otherAssets": 0,
      "postFireSocialInsurance": 0,
      "stocks": 0,
      "totalTax": 275412,
    },
    {
      "age": 68,
      "capitalGains": 0,
      "capitalGainsTax": 0,
      "cashAssets": 0,
      "childAllowance": 0,
      "childCosts": 0,
      "expenses": 3600000,
      "grossIncome": 1500000,
      "idecoAssets": 0,
      "income": 1224588,
      "investmentGain": 0,
      "isFireAchieved": false,
      "mortgageCost": 0,
      "nisaAssets": 0,
      "otherAssets": 0,
      "postFireSocialInsurance": 0,
      "stocks": 0,
      "totalTax": 275412,
    },
    {
      "age": 69,
      "capitalGains": 0,
      "capitalGainsTax": 0,
      "cashAssets": 0,
      "childAllowance": 0,
      "childCosts": 0,
      "expenses": 3600000,
      "grossIncome": 1500000,
      "idecoAssets": 0,
      "income": 1224588,
      "investmentGain": 0,
      "isFireAchieved": false,
      "mortgageCost": 0,
      "nisaAssets": 0,
      "otherAssets": 0,
      "postFireSocialInsurance": 0,
      "stocks": 0,
      "totalTax": 275412,
    },
    {
      "age": 70,
      "capitalGains": 0,
      "capitalGainsTax": 0,
      "cashAssets": 0,
      "childAllowance": 0,
      "childCosts": 0,
      "expenses": 3600000,
      "grossIncome": 1500000,
      "idecoAssets": 0,
      "income": 1224588,
      "investmentGain": 0,
      "isFireAchieved": false,
      "mortgageCost": 0,
      "nisaAssets": 0,
      "otherAssets": 0,
      "postFireSocialInsurance": 0,
      "stocks": 0,
      "totalTax": 275412,
    },
    {
      "age": 71,
      "capitalGains": 0,
      "capitalGainsTax": 0,
      "cashAssets": 0,
      "childAllowance": 0,
      "childCosts": 0,
      "expenses": 3600000,
      "grossIncome": 1500000,
      "idecoAssets": 0,
      "income": 1224588,
      "investmentGain": 0,
      "isFireAchieved": false,
      "mortgageCost": 0,
      "nisaAssets": 0,
      "otherAssets": 0,
      "postFireSocialInsurance": 0,
      "stocks": 0,
      "totalTax": 275412,
    },
    {
      "age": 72,
      "capitalGains": 0,
      "capitalGainsTax": 0,
      "cashAssets": 0,
      "childAllowance": 0,
      "childCosts": 0,
      "expenses": 3600000,
      "grossIncome": 1500000,
      "idecoAssets": 0,
      "income": 1224588,
      "investmentGain": 0,
      "isFireAchieved": false,
      "mortgageCost": 0,
      "nisaAssets": 0,
      "otherAssets": 0,
      "postFireSocialInsurance": 0,
      "stocks": 0,
      "totalTax": 275412,
    },
    {
      "age": 73,
      "capitalGains": 0,
      "capitalGainsTax": 0,
      "cashAssets": 0,
      "childAllowance": 0,
      "childCosts": 0,
      "expenses": 3600000,
      "grossIncome": 1500000,
      "idecoAssets": 0,
      "income": 1224588,
      "investmentGain": 0,
      "isFireAchieved": false,
      "mortgageCost": 0,
      "nisaAssets": 0,
      "otherAssets": 0,
      "postFireSocialInsurance": 0,
      "stocks": 0,
      "totalTax": 275412,
    },
    {
      "age": 74,
      "capitalGains": 0,
      "capitalGainsTax": 0,
      "cashAssets": 0,
      "childAllowance": 0,
      "childCosts": 0,
      "expenses": 3600000,
      "grossIncome": 1500000,
      "idecoAssets": 0,
      "income": 1224588,
      "investmentGain": 0,
      "isFireAchieved": false,
      "mortgageCost": 0,
      "nisaAssets": 0,
      "otherAssets": 0,
      "postFireSocialInsurance": 0,
      "stocks": 0,
      "totalTax": 275412,
    },
    {
      "age": 75,
      "capitalGains": 0,
      "capitalGainsTax": 0,
      "cashAssets": 0,
      "childAllowance": 0,
      "childCosts": 0,
      "expenses": 3600000,
      "grossIncome": 1500000,
      "idecoAssets": 0,
      "income": 1224588,
      "investmentGain": 0,
      "isFireAchieved": false,
      "mortgageCost": 0,
      "nisaAssets": 0,
      "otherAssets": 0,
      "postFireSocialInsurance": 0,
      "stocks": 0,
      "totalTax": 275412,
    },
    {
      "age": 76,
      "capitalGains": 0,
      "capitalGainsTax": 0,
      "cashAssets": 0,
      "childAllowance": 0,
      "childCosts": 0,
      "expenses": 3600000,
      "grossIncome": 1500000,
      "idecoAssets": 0,
      "income": 1224588,
      "investmentGain": 0,
      "isFireAchieved": false,
      "mortgageCost": 0,
      "nisaAssets": 0,
      "otherAssets": 0,
      "postFireSocialInsurance": 0,
      "stocks": 0,
      "totalTax": 275412,
    },
    {
      "age": 77,
      "capitalGains": 0,
      "capitalGainsTax": 0,
      "cashAssets": 0,
      "childAllowance": 0,
      "childCosts": 0,
      "expenses": 3600000,
      "grossIncome": 1500000,
      "idecoAssets": 0,
      "income": 1224588,
      "investmentGain": 0,
      "isFireAchieved": false,
      "mortgageCost": 0,
      "nisaAssets": 0,
      "otherAssets": 0,
      "postFireSocialInsurance": 0,
      "stocks": 0,
      "totalTax": 275412,
    },
    {
      "age": 78,
      "capitalGains": 0,
      "capitalGainsTax": 0,
      "cashAssets": 0,
      "childAllowance": 0,
      "childCosts": 0,
      "expenses": 3600000,
      "grossIncome": 1500000,
      "idecoAssets": 0,
      "income": 1224588,
      "investmentGain": 0,
      "isFireAchieved": false,
      "mortgageCost": 0,
      "nisaAssets": 0,
      "otherAssets": 0,
      "postFireSocialInsurance": 0,
      "stocks": 0,
      "totalTax": 275412,
    },
    {
      "age": 79,
      "capitalGains": 0,
      "capitalGainsTax": 0,
      "cashAssets": 0,
      "childAllowance": 0,
      "childCosts": 0,
      "expenses": 3600000,
      "grossIncome": 1500000,
      "idecoAssets": 0,
      "income": 1224588,
      "investmentGain": 0,
      "isFireAchieved": false,
      "mortgageCost": 0,
      "nisaAssets": 0,
      "otherAssets": 0,
      "postFireSocialInsurance": 0,
      "stocks": 0,
      "totalTax": 275412,
    },
    {
      "age": 80,
      "capitalGains": 0,
      "capitalGainsTax": 0,
      "cashAssets": 0,
      "childAllowance": 0,
      "childCosts": 0,
      "expenses": 3600000,
      "grossIncome": 1500000,
      "idecoAssets": 0,
      "income": 1224588,
      "investmentGain": 0,
      "isFireAchieved": false,
      "mortgageCost": 0,
      "nisaAssets": 0,
      "otherAssets": 0,
      "postFireSocialInsurance": 0,
      "stocks": 0,
      "totalTax": 275412,
    },
    {
      "age": 81,
      "capitalGains": 0,
      "capitalGainsTax": 0,
      "cashAssets": 0,
      "childAllowance": 0,
      "childCosts": 0,
      "expenses": 3600000,
      "grossIncome": 1500000,
      "idecoAssets": 0,
      "income": 1224588,
      "investmentGain": 0,
      "isFireAchieved": false,
      "mortgageCost": 0,
      "nisaAssets": 0,
      "otherAssets": 0,
      "postFireSocialInsurance": 0,
      "stocks": 0,
      "totalTax": 275412,
    },
    {
      "age": 82,
      "capitalGains": 0,
      "capitalGainsTax": 0,
      "cashAssets": 0,
      "childAllowance": 0,
      "childCosts": 0,
      "expenses": 3600000,
      "grossIncome": 1500000,
      "idecoAssets": 0,
      "income": 1224588,
      "investmentGain": 0,
      "isFireAchieved": false,
      "mortgageCost": 0,
      "nisaAssets": 0,
      "otherAssets": 0,
      "postFireSocialInsurance": 0,
      "stocks": 0,
      "totalTax": 275412,
    },
    {
      "age": 83,
      "capitalGains": 0,
      "capitalGainsTax": 0,
      "cashAssets": 0,
      "childAllowance": 0,
      "childCosts": 0,
      "expenses": 3600000,
      "grossIncome": 1500000,
      "idecoAssets": 0,
      "income": 1224588,
      "investmentGain": 0,
      "isFireAchieved": false,
      "mortgageCost": 0,
      "nisaAssets": 0,
      "otherAssets": 0,
      "postFireSocialInsurance": 0,
      "stocks": 0,
      "totalTax": 275412,
    },
    {
      "age": 84,
      "capitalGains": 0,
      "capitalGainsTax": 0,
      "cashAssets": 0,
      "childAllowance": 0,
      "childCosts": 0,
      "expenses": 3600000,
      "grossIncome": 1500000,
      "idecoAssets": 0,
      "income": 1224588,
      "investmentGain": 0,
      "isFireAchieved": false,
      "mortgageCost": 0,
      "nisaAssets": 0,
      "otherAssets": 0,
      "postFireSocialInsurance": 0,
      "stocks": 0,
      "totalTax": 275412,
    },
    {
      "age": 85,
      "capitalGains": 0,
      "capitalGainsTax": 0,
      "cashAssets": 0,
      "childAllowance": 0,
      "childCosts": 0,
      "expenses": 3600000,
      "grossIncome": 1500000,
      "idecoAssets": 0,
      "income": 1224588,
      "investmentGain": 0,
      "isFireAchieved": false,
      "mortgageCost": 0,
      "nisaAssets": 0,
      "otherAssets": 0,
      "postFireSocialInsurance": 0,
      "stocks": 0,
      "totalTax": 275412,
    },
    {
      "age": 86,
      "capitalGains": 0,
      "capitalGainsTax": 0,
      "cashAssets": 0,
      "childAllowance": 0,
      "childCosts": 0,
      "expenses": 3600000,
      "grossIncome": 1500000,
      "idecoAssets": 0,
      "income": 1224588,
      "investmentGain": 0,
      "isFireAchieved": false,
      "mortgageCost": 0,
      "nisaAssets": 0,
      "otherAssets": 0,
      "postFireSocialInsurance": 0,
      "stocks": 0,
      "totalTax": 275412,
    },
    {
      "age": 87,
      "capitalGains": 0,
      "capitalGainsTax": 0,
      "cashAssets": 0,
      "childAllowance": 0,
      "childCosts": 0,
      "expenses": 3600000,
      "grossIncome": 1500000,
      "idecoAssets": 0,
      "income": 1224588,
      "investmentGain": 0,
      "isFireAchieved": false,
      "mortgageCost": 0,
      "nisaAssets": 0,
      "otherAssets": 0,
      "postFireSocialInsurance": 0,
      "stocks": 0,
      "totalTax": 275412,
    },
    {
      "age": 88,
      "capitalGains": 0,
      "capitalGainsTax": 0,
      "cashAssets": 0,
      "childAllowance": 0,
      "childCosts": 0,
      "expenses": 3600000,
      "grossIncome": 1500000,
      "idecoAssets": 0,
      "income": 1224588,
      "investmentGain": 0,
      "isFireAchieved": false,
      "mortgageCost": 0,
      "nisaAssets": 0,
      "otherAssets": 0,
      "postFireSocialInsurance": 0,
      "stocks": 0,
      "totalTax": 275412,
    },
    {
      "age": 89,
      "capitalGains": 0,
      "capitalGainsTax": 0,
      "cashAssets": 0,
      "childAllowance": 0,
      "childCosts": 0,
      "expenses": 3600000,
      "grossIncome": 1500000,
      "idecoAssets": 0,
      "income": 1224588,
      "investmentGain": 0,
      "isFireAchieved": false,
      "mortgageCost": 0,
      "nisaAssets": 0,
      "otherAssets": 0,
      "postFireSocialInsurance": 0,
      "stocks": 0,
      "totalTax": 275412,
    },
    {
      "age": 90,
      "capitalGains": 0,
      "capitalGainsTax": 0,
      "cashAssets": 0,
      "childAllowance": 0,
      "childCosts": 0,
      "expenses": 3600000,
      "grossIncome": 1500000,
      "idecoAssets": 0,
      "income": 1224588,
      "investmentGain": 0,
      "isFireAchieved": false,
      "mortgageCost": 0,
      "nisaAssets": 0,
      "otherAssets": 0,
      "postFireSocialInsurance": 0,
      "stocks": 0,
      "totalTax": 275412,
    },
  ],
}
`;

exports[`スナップショット回帰テスト > パターン5: DEFAULT_CONFIG をそのまま使用（全機能統合） 1`] = `
{
  "depletionAge": null,
  "fireAchievementRate": 0.138254308737692,
  "fireAge": 45,
  "fireNumber": 105000000,
  "peakAssets": 108184191.16617125,
  "yearlyData": [
    {
      "age": 35,
      "capitalGains": 0,
      "capitalGainsTax": 0,
      "cashAssets": 2000000,
      "childAllowance": 120000,
      "childCosts": 220000,
      "expenses": 4420000,
      "grossIncome": 10500000,
      "idecoAssets": 282269,
      "income": 8169269,
      "investmentGain": 491433,
      "isFireAchieved": false,
      "mortgageCost": 0,
      "nisaAssets": 1227258,
      "otherAssets": 0,
      "postFireSocialInsurance": 0,
      "stocks": 11007175,
      "totalTax": 2450731,
    },
    {
      "age": 36,
      "capitalGains": 0,
      "capitalGainsTax": 0,
      "cashAssets": 2000000,
      "childAllowance": 120000,
      "childCosts": 222200,
      "expenses": 4464200,
      "grossIncome": 10710000,
      "idecoAssets": 578652,
      "income": 8310421,
      "investmentGain": 719471,
      "isFireAchieved": false,
      "mortgageCost": 0,
      "nisaAssets": 2515878,
      "otherAssets": 0,
      "postFireSocialInsurance": 0,
      "stocks": 14263863,
      "totalTax": 2519579,
    },
    {
      "age": 37,
      "capitalGains": 0,
      "capitalGainsTax": 0,
      "cashAssets": 2000000,
      "childAllowance": 120000,
      "childCosts": 326432,
      "expenses": 4610852,
      "grossIncome": 10924200,
      "idecoAssets": 889854,
      "income": 8453770,
      "investmentGain": 961480,
      "isFireAchieved": false,
      "mortgageCost": 0,
      "nisaAssets": 3868930,
      "otherAssets": 0,
      "postFireSocialInsurance": 0,
      "stocks": 17680007,
      "totalTax": 2590430,
    },
    {
      "age": 38,
      "capitalGains": 0,
      "capitalGainsTax": 0,
      "cashAssets": 2000000,
      "childAllowance": 120000,
      "childCosts": 329696,
      "expenses": 4656961,
      "grossIncome": 11142684,
      "idecoAssets": 1216616,
      "income": 8599523,
      "investmentGain": 1217763,
      "isFireAchieved": false,
      "mortgageCost": 0,
      "nisaAssets": 5289634,
      "otherAssets": 0,
      "postFireSocialInsurance": 0,
      "stocks": 21368867,
      "totalTax": 2663161,
    },
    {
      "age": 39,
      "capitalGains": 0,
      "capitalGainsTax": 0,
      "cashAssets": 2000000,
      "childAllowance": 120000,
      "childCosts": 332993,
      "expenses": 4703530,
      "grossIncome": 11365538,
      "idecoAssets": 1559716,
      "income": 8748192,
      "investmentGain": 1491899,
      "isFireAchieved": false,
      "mortgageCost": 0,
      "nisaAssets": 6781374,
      "otherAssets": 0,
      "postFireSocialInsurance": 0,
      "stocks": 25346589,
      "totalTax": 2737345,
    },
    {
      "age": 40,
      "capitalGains": 0,
      "capitalGainsTax": 0,
      "cashAssets": 2000000,
      "childAllowance": 120000,
      "childCosts": 336323,
      "expenses": 4750565,
      "grossIncome": 11592848,
      "idecoAssets": 1919971,
      "income": 8857273,
      "investmentGain": 1783936,
      "isFireAchieved": false,
      "mortgageCost": 0,
      "nisaAssets": 8347700,
      "otherAssets": 0,
      "postFireSocialInsurance": 0,
      "stocks": 29586651,
      "totalTax": 2855575,
    },
    {
      "age": 41,
      "capitalGains": 0,
      "capitalGainsTax": 0,
      "cashAssets": 2000000,
      "childAllowance": 120000,
      "childCosts": 339686,
      "expenses": 4798071,
      "grossIncome": 13513949,
      "idecoAssets": 2298239,
      "income": 10253453,
      "investmentGain": 2122903,
      "isFireAchieved": false,
      "mortgageCost": 0,
      "nisaAssets": 9992343,
      "otherAssets": 0,
      "postFireSocialInsurance": 0,
      "stocks": 35418026,
      "totalTax": 3380496,
    },
    {
      "age": 42,
      "capitalGains": 0,
      "capitalGainsTax": 0,
      "cashAssets": 2000000,
      "childAllowance": 120000,
      "childCosts": 343083,
      "expenses": 4846052,
      "grossIncome": 13784228,
      "idecoAssets": 2695420,
      "income": 10399812,
      "investmentGain": 2517852,
      "isFireAchieved": false,
      "mortgageCost": 0,
      "nisaAssets": 11719218,
      "otherAssets": 0,
      "postFireSocialInsurance": 0,
      "stocks": 41641582,
      "totalTax": 3504416,
    },
    {
      "age": 43,
      "capitalGains": 0,
      "capitalGainsTax": 0,
      "cashAssets": 2000000,
      "childAllowance": 120000,
      "childCosts": 530600,
      "expenses": 5078598,
      "grossIncome": 14059913,
      "idecoAssets": 3112460,
      "income": 10591259,
      "investmentGain": 2934299,
      "isFireAchieved": false,
      "mortgageCost": 0,
      "nisaAssets": 13532437,
      "otherAssets": 0,
      "postFireSocialInsurance": 0,
      "stocks": 48134284,
      "totalTax": 3588653,
    },
    {
      "age": 44,
      "capitalGains": 0,
      "capitalGainsTax": 0,
      "cashAssets": 2000000,
      "childAllowance": 120000,
      "childCosts": 535906,
      "expenses": 5129384,
      "grossIncome": 14341111,
      "idecoAssets": 3550353,
      "income": 10786535,
      "investmentGain": 3373729,
      "isFireAchieved": false,
      "mortgageCost": 0,
      "nisaAssets": 15436316,
      "otherAssets": 0,
      "postFireSocialInsurance": 0,
      "stocks": 55099392,
      "totalTax": 3674576,
    },
    {
      "age": 45,
      "capitalGains": 0,
      "capitalGainsTax": 0,
      "cashAssets": 2000000,
      "childAllowance": 120000,
      "childCosts": 541265,
      "expenses": 5180678,
      "grossIncome": 14627933,
      "idecoAssets": 4010140,
      "income": 10984714,
      "investmentGain": 3842410,
      "isFireAchieved": true,
      "mortgageCost": 0,
      "nisaAssets": 17435390,
      "otherAssets": 0,
      "postFireSocialInsurance": 0,
      "stocks": 62562978,
      "totalTax": 3763219,
    },
    {
      "age": 46,
      "capitalGains": 0,
      "capitalGainsTax": 0,
      "cashAssets": 372628,
      "childAllowance": 120000,
      "childCosts": 513207,
      "expenses": 6462774,
      "grossIncome": 6216872,
      "idecoAssets": 4210647,
      "income": 4835402,
      "investmentGain": 4200425,
      "isFireAchieved": true,
      "mortgageCost": 0,
      "nisaAssets": 18307159,
      "otherAssets": 0,
      "postFireSocialInsurance": 1263760,
      "stocks": 65691127,
      "totalTax": 1501469,
    },
    {
      "age": 47,
      "capitalGains": 139095,
      "capitalGainsTax": 28257,
      "cashAssets": 0,
      "childAllowance": 120000,
      "childCosts": 518340,
      "expenses": 5664765,
      "grossIncome": 6341209,
      "idecoAssets": 4421179,
      "income": 4924101,
      "investmentGain": 4406416,
      "isFireAchieved": true,
      "mortgageCost": 0,
      "nisaAssets": 19222517,
      "otherAssets": 0,
      "postFireSocialInsurance": 413760,
      "stocks": 68575359,
      "totalTax": 1537108,
    },
    {
      "age": 48,
      "capitalGains": 284613,
      "capitalGainsTax": 57819,
      "cashAssets": 0,
      "childAllowance": 120000,
      "childCosts": 523523,
      "expenses": 5717275,
      "grossIncome": 6468033,
      "idecoAssets": 4642238,
      "income": 5014573,
      "investmentGain": 4593699,
      "isFireAchieved": true,
      "mortgageCost": 0,
      "nisaAssets": 20183643,
      "otherAssets": 0,
      "postFireSocialInsurance": 413760,
      "stocks": 71226352,
      "totalTax": 1573460,
    },
    {
      "age": 49,
      "capitalGains": 386435,
      "capitalGainsTax": 78504,
      "cashAssets": 0,
      "childAllowance": 0,
      "childCosts": 620716,
      "expenses": 5862268,
      "grossIncome": 6597394,
      "idecoAssets": 4874350,
      "income": 4984326,
      "investmentGain": 4780912,
      "isFireAchieved": true,
      "mortgageCost": 0,
      "nisaAssets": 21192825,
      "otherAssets": 0,
      "postFireSocialInsurance": 413760,
      "stocks": 73809524,
      "totalTax": 1613067,
    },
    {
      "age": 50,
      "capitalGains": 403373,
      "capitalGainsTax": 81945,
      "cashAssets": 0,
      "childAllowance": 0,
      "childCosts": 626923,
      "expenses": 5916753,
      "grossIncome": 6729342,
      "idecoAssets": 5118067,
      "income": 5065852,
      "investmentGain": 4972669,
      "isFireAchieved": true,
      "mortgageCost": 0,
      "nisaAssets": 22252466,
      "otherAssets": 0,
      "postFireSocialInsurance": 413760,
      "stocks": 76545988,
      "totalTax": 1663490,
    },
    {
      "age": 51,
      "capitalGains": 416970,
      "capitalGainsTax": 84707,
      "cashAssets": 0,
      "childAllowance": 0,
      "childCosts": 633192,
      "expenses": 5971783,
      "grossIncome": 6863929,
      "idecoAssets": 5373971,
      "income": 5148926,
      "investmentGain": 5175233,
      "isFireAchieved": true,
      "mortgageCost": 0,
      "nisaAssets": 23365090,
      "otherAssets": 0,
      "postFireSocialInsurance": 413760,
      "stocks": 79445131,
      "totalTax": 1715002,
    },
    {
      "age": 52,
      "capitalGains": 3244103,
      "capitalGainsTax": 659040,
      "cashAssets": 0,
      "childAllowance": 0,
      "childCosts": 639524,
      "expenses": 6027363,
      "grossIncome": 0,
      "idecoAssets": 5642669,
      "income": 0,
      "investmentGain": 5257486,
      "isFireAchieved": true,
      "mortgageCost": 0,
      "nisaAssets": 24533344,
      "otherAssets": 0,
      "postFireSocialInsurance": 413760,
      "stocks": 76579261,
      "totalTax": 0,
    },
    {
      "age": 53,
      "capitalGains": 3341062,
      "capitalGainsTax": 678737,
      "cashAssets": 0,
      "childAllowance": 0,
      "childCosts": 0,
      "expenses": 5876298,
      "grossIncome": 0,
      "idecoAssets": 5924803,
      "income": 0,
      "investmentGain": 5189014,
      "isFireAchieved": true,
      "mortgageCost": 0,
      "nisaAssets": 25760011,
      "otherAssets": 0,
      "postFireSocialInsurance": 852479,
      "stocks": 73704440,
      "totalTax": 0,
    },
    {
      "age": 54,
      "capitalGains": 3551757,
      "capitalGainsTax": 721539,
      "cashAssets": 0,
      "childAllowance": 0,
      "childCosts": 0,
      "expenses": 5941652,
      "grossIncome": 0,
      "idecoAssets": 6221043,
      "income": 0,
      "investmentGain": 5118252,
      "isFireAchieved": true,
      "mortgageCost": 0,
      "nisaAssets": 27048012,
      "otherAssets": 0,
      "postFireSocialInsurance": 867595,
      "stocks": 70575260,
      "totalTax": 0,
    },
    {
      "age": 55,
      "capitalGains": 3771072,
      "capitalGainsTax": 766093,
      "cashAssets": 0,
      "childAllowance": 0,
      "childCosts": 0,
      "expenses": 6025240,
      "grossIncome": 0,
      "idecoAssets": 6532095,
      "income": 0,
      "investmentGain": 5038091,
      "isFireAchieved": true,
      "mortgageCost": 0,
      "nisaAssets": 28400413,
      "otherAssets": 0,
      "postFireSocialInsurance": 900442,
      "stocks": 67158565,
      "totalTax": 0,
    },
    {
      "age": 56,
      "capitalGains": 3989753,
      "capitalGainsTax": 810518,
      "cashAssets": 0,
      "childAllowance": 0,
      "childCosts": 0,
      "expenses": 6110679,
      "grossIncome": 0,
      "idecoAssets": 6858700,
      "income": 0,
      "investmentGain": 4947476,
      "isFireAchieved": true,
      "mortgageCost": 0,
      "nisaAssets": 29820433,
      "otherAssets": 0,
      "postFireSocialInsurance": 934633,
      "stocks": 63438218,
      "totalTax": 0,
    },
    {
      "age": 57,
      "capitalGains": 4206881,
      "capitalGainsTax": 854628,
      "cashAssets": 0,
      "childAllowance": 0,
      "childCosts": 0,
      "expenses": 6196532,
      "grossIncome": 0,
      "idecoAssets": 7201635,
      "income": 0,
      "investmentGain": 4845834,
      "isFireAchieved": true,
      "mortgageCost": 0,
      "nisaAssets": 31311455,
      "otherAssets": 0,
      "postFireSocialInsurance": 968725,
      "stocks": 59398935,
      "totalTax": 0,
    },
    {
      "age": 58,
      "capitalGains": 4422314,
      "capitalGainsTax": 898393,
      "cashAssets": 0,
      "childAllowance": 0,
      "childCosts": 0,
      "expenses": 6282660,
      "grossIncome": 0,
      "idecoAssets": 7561716,
      "income": 0,
      "investmentGain": 4732614,
      "isFireAchieved": true,
      "mortgageCost": 0,
      "nisaAssets": 32877028,
      "otherAssets": 0,
      "postFireSocialInsurance": 1002576,
      "stocks": 55024842,
      "totalTax": 0,
    },
    {
      "age": 59,
      "capitalGains": 4635986,
      "capitalGainsTax": 941801,
      "cashAssets": 0,
      "childAllowance": 0,
      "childCosts": 0,
      "expenses": 6369047,
      "grossIncome": 0,
      "idecoAssets": 7939802,
      "income": 0,
      "investmentGain": 4607241,
      "isFireAchieved": true,
      "mortgageCost": 0,
      "nisaAssets": 34520879,
      "otherAssets": 0,
      "postFireSocialInsurance": 1036162,
      "stocks": 50299297,
      "totalTax": 0,
    },
    {
      "age": 60,
      "capitalGains": 4638015,
      "capitalGainsTax": 942213,
      "cashAssets": 0,
      "childAllowance": 0,
      "childCosts": 0,
      "expenses": 6251928,
      "grossIncome": 0,
      "idecoAssets": 0,
      "income": 0,
      "investmentGain": 4474442,
      "isFireAchieved": true,
      "mortgageCost": 0,
      "nisaAssets": 36246923,
      "otherAssets": 0,
      "postFireSocialInsurance": 865713,
      "stocks": 52125998,
      "totalTax": 0,
    },
    {
      "age": 61,
      "capitalGains": 4202059,
      "capitalGainsTax": 853648,
      "cashAssets": 0,
      "childAllowance": 0,
      "childCosts": 0,
      "expenses": 6306106,
      "grossIncome": 0,
      "idecoAssets": 0,
      "income": 0,
      "investmentGain": 4256151,
      "isFireAchieved": true,
      "mortgageCost": 0,
      "nisaAssets": 38059269,
      "otherAssets": 0,
      "postFireSocialInsurance": 866030,
      "stocks": 47410049,
      "totalTax": 0,
    },
    {
      "age": 62,
      "capitalGains": 4353309,
      "capitalGainsTax": 884375,
      "cashAssets": 0,
      "childAllowance": 0,
      "childCosts": 0,
      "expenses": 6292541,
      "grossIncome": 0,
      "idecoAssets": 0,
      "income": 0,
      "investmentGain": 4110576,
      "isFireAchieved": true,
      "mortgageCost": 0,
      "nisaAssets": 39962233,
      "otherAssets": 0,
      "postFireSocialInsurance": 798064,
      "stocks": 42440745,
      "totalTax": 0,
    },
    {
      "age": 63,
      "capitalGains": 4563577,
      "capitalGainsTax": 927091,
      "cashAssets": 0,
      "childAllowance": 0,
      "childCosts": 0,
      "expenses": 6371066,
      "grossIncome": 0,
      "idecoAssets": 0,
      "income": 0,
      "investmentGain": 3954501,
      "isFireAchieved": true,
      "mortgageCost": 0,
      "nisaAssets": 41960344,
      "otherAssets": 0,
      "postFireSocialInsurance": 821644,
      "stocks": 37098978,
      "totalTax": 0,
    },
    {
      "age": 64,
      "capitalGains": 4778670,
      "capitalGainsTax": 970787,
      "cashAssets": 0,
      "childAllowance": 0,
      "childCosts": 0,
      "expenses": 6459341,
      "grossIncome": 0,
      "idecoAssets": 0,
      "income": 0,
      "investmentGain": 3784317,
      "isFireAchieved": true,
      "mortgageCost": 0,
      "nisaAssets": 44058361,
      "otherAssets": 0,
      "postFireSocialInsurance": 854425,
      "stocks": 31355150,
      "totalTax": 0,
    },
    {
      "age": 65,
      "capitalGains": 3954749,
      "capitalGainsTax": 803407,
      "cashAssets": 0,
      "childAllowance": 0,
      "childCosts": 0,
      "expenses": 6411950,
      "grossIncome": 1500000,
      "idecoAssets": 0,
      "income": 1224588,
      "investmentGain": 3634693,
      "isFireAchieved": true,
      "mortgageCost": 0,
      "nisaAssets": 46261279,
      "otherAssets": 0,
      "postFireSocialInsurance": 750984,
      "stocks": 26796156,
      "totalTax": 275412,
    },
    {
      "age": 66,
      "capitalGains": 4015317,
      "capitalGainsTax": 815712,
      "cashAssets": 0,
      "childAllowance": 0,
      "childCosts": 0,
      "expenses": 6356588,
      "grossIncome": 1515000,
      "idecoAssets": 0,
      "income": 1235328,
      "investmentGain": 3518106,
      "isFireAchieved": true,
      "mortgageCost": 0,
      "nisaAssets": 48574343,
      "otherAssets": 0,
      "postFireSocialInsurance": 639013,
      "stocks": 22064226,
      "totalTax": 279672,
    },
    {
      "age": 67,
      "capitalGains": 3351135,
      "capitalGainsTax": 680783,
      "cashAssets": 0,
      "childAllowance": 0,
      "childCosts": 0,
      "expenses": 6421995,
      "grossIncome": 2730150,
      "idecoAssets": 0,
      "income": 2258256,
      "investmentGain": 3421957,
      "isFireAchieved": true,
      "mortgageCost": 0,
      "nisaAssets": 51003061,
      "otherAssets": 0,
      "postFireSocialInsurance": 647245,
      "stocks": 18212943,
      "totalTax": 471894,
    },
    {
      "age": 68,
      "capitalGains": 3389962,
      "capitalGainsTax": 688671,
      "cashAssets": 0,
      "childAllowance": 0,
      "childCosts": 0,
      "expenses": 6389481,
      "grossIncome": 2757452,
      "idecoAssets": 0,
      "income": 2279332,
      "investmentGain": 3351863,
      "isFireAchieved": true,
      "mortgageCost": 0,
      "nisaAssets": 53553214,
      "otherAssets": 0,
      "postFireSocialInsurance": 556982,
      "stocks": 14215835,
      "totalTax": 478119,
    },
    {
      "age": 69,
      "capitalGains": 3508788,
      "capitalGainsTax": 712810,
      "cashAssets": 0,
      "childAllowance": 0,
      "childCosts": 0,
      "expenses": 6453082,
      "grossIncome": 2785026,
      "idecoAssets": 0,
      "income": 2295254,
      "investmentGain": 3277882,
      "isFireAchieved": true,
      "mortgageCost": 0,
      "nisaAssets": 56230874,
      "otherAssets": 0,
      "postFireSocialInsurance": 562259,
      "stocks": 9945417,
      "totalTax": 489772,
    },
    {
      "age": 70,
      "capitalGains": 3632519,
      "capitalGainsTax": 737946,
      "cashAssets": 0,
      "childAllowance": 0,
      "childCosts": 0,
      "expenses": 6528139,
      "grossIncome": 2812876,
      "idecoAssets": 0,
      "income": 2315195,
      "investmentGain": 3196420,
      "isFireAchieved": true,
      "mortgageCost": 0,
      "nisaAssets": 59042418,
      "otherAssets": 0,
      "postFireSocialInsurance": 578407,
      "stocks": 5379403,
      "totalTax": 497681,
    },
    {
      "age": 71,
      "capitalGains": 3755938,
      "capitalGainsTax": 763019,
      "cashAssets": 0,
      "childAllowance": 0,
      "childCosts": 0,
      "expenses": 6604451,
      "grossIncome": 2841005,
      "idecoAssets": 0,
      "income": 2335335,
      "investmentGain": 3106849,
      "isFireAchieved": true,
      "mortgageCost": 0,
      "nisaAssets": 61994539,
      "otherAssets": 0,
      "postFireSocialInsurance": 595222,
      "stocks": 501996,
      "totalTax": 505670,
    },
    {
      "age": 72,
      "capitalGains": 379876,
      "capitalGainsTax": 77172,
      "cashAssets": 0,
      "childAllowance": 0,
      "childCosts": 0,
      "expenses": 6681316,
      "grossIncome": 2869415,
      "idecoAssets": 0,
      "income": 2355677,
      "investmentGain": 3023092,
      "isFireAchieved": true,
      "mortgageCost": 0,
      "nisaAssets": 61116816,
      "otherAssets": 0,
      "postFireSocialInsurance": 611995,
      "stocks": 0,
      "totalTax": 513738,
    },
    {
      "age": 73,
      "capitalGains": 0,
      "capitalGainsTax": 0,
      "cashAssets": 0,
      "childAllowance": 0,
      "childCosts": 0,
      "expenses": 6290014,
      "grossIncome": 2898109,
      "idecoAssets": 0,
      "income": 2376222,
      "investmentGain": 2966940,
      "isFireAchieved": true,
      "mortgageCost": 0,
      "nisaAssets": 60169963,
      "otherAssets": 0,
      "postFireSocialInsurance": 160000,
      "stocks": 0,
      "totalTax": 521887,
    },
    {
      "age": 74,
      "capitalGains": 0,
      "capitalGainsTax": 0,
      "cashAssets": 0,
      "childAllowance": 0,
      "childCosts": 0,
      "expenses": 6351315,
      "grossIncome": 2927090,
      "idecoAssets": 0,
      "income": 2397911,
      "investmentGain": 2918697,
      "isFireAchieved": true,
      "mortgageCost": 0,
      "nisaAssets": 59135257,
      "otherAssets": 0,
      "postFireSocialInsurance": 160000,
      "stocks": 0,
      "totalTax": 529179,
    },
    {
      "age": 75,
      "capitalGains": 0,
      "capitalGainsTax": 0,
      "cashAssets": 0,
      "childAllowance": 0,
      "childCosts": 0,
      "expenses": 6413228,
      "grossIncome": 2956361,
      "idecoAssets": 0,
      "income": 2419860,
      "investmentGain": 2866054,
      "isFireAchieved": true,
      "mortgageCost": 0,
      "nisaAssets": 58007944,
      "otherAssets": 0,
      "postFireSocialInsurance": 160000,
      "stocks": 0,
      "totalTax": 536501,
    },
    {
      "age": 76,
      "capitalGains": 0,
      "capitalGainsTax": 0,
      "cashAssets": 0,
      "childAllowance": 0,
      "childCosts": 0,
      "expenses": 6475760,
      "grossIncome": 2985925,
      "idecoAssets": 0,
      "income": 2442029,
      "investmentGain": 2808772,
      "isFireAchieved": true,
      "mortgageCost": 0,
      "nisaAssets": 56782984,
      "otherAssets": 0,
      "postFireSocialInsurance": 160000,
      "stocks": 0,
      "totalTax": 543896,
    },
    {
      "age": 77,
      "capitalGains": 0,
      "capitalGainsTax": 0,
      "cashAssets": 0,
      "childAllowance": 0,
      "childCosts": 0,
      "expenses": 6538918,
      "grossIncome": 3015784,
      "idecoAssets": 0,
      "income": 2464419,
      "investmentGain": 2746598,
      "isFireAchieved": true,
      "mortgageCost": 0,
      "nisaAssets": 55455084,
      "otherAssets": 0,
      "postFireSocialInsurance": 160000,
      "stocks": 0,
      "totalTax": 551365,
    },
    {
      "age": 78,
      "capitalGains": 0,
      "capitalGainsTax": 0,
      "cashAssets": 0,
      "childAllowance": 0,
      "childCosts": 0,
      "expenses": 6602707,
      "grossIncome": 3045942,
      "idecoAssets": 0,
      "income": 2487034,
      "investmentGain": 2679268,
      "isFireAchieved": true,
      "mortgageCost": 0,
      "nisaAssets": 54018679,
      "otherAssets": 0,
      "postFireSocialInsurance": 160000,
      "stocks": 0,
      "totalTax": 558908,
    },
    {
      "age": 79,
      "capitalGains": 0,
      "capitalGainsTax": 0,
      "cashAssets": 0,
      "childAllowance": 0,
      "childCosts": 0,
      "expenses": 6667134,
      "grossIncome": 3076401,
      "idecoAssets": 0,
      "income": 2509874,
      "investmentGain": 2606503,
      "isFireAchieved": true,
      "mortgageCost": 0,
      "nisaAssets": 52467922,
      "otherAssets": 0,
      "postFireSocialInsurance": 160000,
      "stocks": 0,
      "totalTax": 566527,
    },
    {
      "age": 80,
      "capitalGains": 0,
      "capitalGainsTax": 0,
      "cashAssets": 0,
      "childAllowance": 0,
      "childCosts": 0,
      "expenses": 6732205,
      "grossIncome": 3107165,
      "idecoAssets": 0,
      "income": 2532943,
      "investmentGain": 2528011,
      "isFireAchieved": true,
      "mortgageCost": 0,
      "nisaAssets": 50796671,
      "otherAssets": 0,
      "postFireSocialInsurance": 160000,
      "stocks": 0,
      "totalTax": 574222,
    },
    {
      "age": 81,
      "capitalGains": 0,
      "capitalGainsTax": 0,
      "cashAssets": 0,
      "childAllowance": 0,
      "childCosts": 0,
      "expenses": 6797927,
      "grossIncome": 3138237,
      "idecoAssets": 0,
      "income": 2556243,
      "investmentGain": 2443485,
      "isFireAchieved": true,
      "mortgageCost": 0,
      "nisaAssets": 48998471,
      "otherAssets": 0,
      "postFireSocialInsurance": 160000,
      "stocks": 0,
      "totalTax": 581994,
    },
    {
      "age": 82,
      "capitalGains": 0,
      "capitalGainsTax": 0,
      "cashAssets": 0,
      "childAllowance": 0,
      "childCosts": 0,
      "expenses": 6864306,
      "grossIncome": 3169619,
      "idecoAssets": 0,
      "income": 2579776,
      "investmentGain": 2352601,
      "isFireAchieved": true,
      "mortgageCost": 0,
      "nisaAssets": 47066542,
      "otherAssets": 0,
      "postFireSocialInsurance": 160000,
      "stocks": 0,
      "totalTax": 589844,
    },
    {
      "age": 83,
      "capitalGains": 0,
      "capitalGainsTax": 0,
      "cashAssets": 0,
      "childAllowance": 0,
      "childCosts": 0,
      "expenses": 6931350,
      "grossIncome": 3201316,
      "idecoAssets": 0,
      "income": 2603543,
      "investmentGain": 2255022,
      "isFireAchieved": true,
      "mortgageCost": 0,
      "nisaAssets": 44993757,
      "otherAssets": 0,
      "postFireSocialInsurance": 160000,
      "stocks": 0,
      "totalTax": 597772,
    },
    {
      "age": 84,
      "capitalGains": 0,
      "capitalGainsTax": 0,
      "cashAssets": 0,
      "childAllowance": 0,
      "childCosts": 0,
      "expenses": 6999063,
      "grossIncome": 3233329,
      "idecoAssets": 0,
      "income": 2627365,
      "investmentGain": 2150386,
      "isFireAchieved": true,
      "mortgageCost": 0,
      "nisaAssets": 42772445,
      "otherAssets": 0,
      "postFireSocialInsurance": 160000,
      "stocks": 0,
      "totalTax": 605963,
    },
    {
      "age": 85,
      "capitalGains": 0,
      "capitalGainsTax": 0,
      "cashAssets": 0,
      "childAllowance": 0,
      "childCosts": 0,
      "expenses": 7067454,
      "grossIncome": 3265662,
      "idecoAssets": 0,
      "income": 2651337,
      "investmentGain": 2038311,
      "isFireAchieved": true,
      "mortgageCost": 0,
      "nisaAssets": 40394640,
      "otherAssets": 0,
      "postFireSocialInsurance": 160000,
      "stocks": 0,
      "totalTax": 614325,
    },
  ],
}
`;

exports[`スナップショット回帰テスト > パターン6: 住宅ローン + 子2人（私立）+ ライフサイクル支出 1`] = `
{
  "depletionAge": null,
  "fireAchievementRate": 0.1453177565022185,
  "fireAge": 35,
  "fireNumber": 120000000,
  "peakAssets": 17438130.78026622,
  "yearlyData": [
    {
      "age": 35,
      "capitalGains": 0,
      "capitalGainsTax": 0,
      "cashAssets": 3000000,
      "childAllowance": 300000,
      "childCosts": 890000,
      "expenses": 7130000,
      "grossIncome": 14000000,
      "idecoAssets": 282269,
      "income": 10704664,
      "investmentGain": 587467,
      "isFireAchieved": true,
      "mortgageCost": 1440000,
      "nisaAssets": 1840887,
      "otherAssets": 0,
      "postFireSocialInsurance": 0,
      "stocks": 12314975,
      "totalTax": 3595336,
    },
    {
      "age": 36,
      "capitalGains": 607749,
      "capitalGainsTax": 123464,
      "cashAssets": 0,
      "childAllowance": 300000,
      "childCosts": 895300,
      "expenses": 8277060,
      "grossIncome": 4040000,
      "idecoAssets": 296383,
      "income": 3480226,
      "investmentGain": 707976,
      "isFireAchieved": true,
      "mortgageCost": 1440000,
      "nisaAssets": 1932931,
      "otherAssets": 0,
      "postFireSocialInsurance": 1093760,
      "stocks": 10996495,
      "totalTax": 859774,
    },
    {
      "age": 37,
      "capitalGains": 1868168,
      "capitalGainsTax": 379518,
      "cashAssets": 0,
      "childAllowance": 240000,
      "childCosts": 1856582,
      "expenses": 8580978,
      "grossIncome": 4080400,
      "idecoAssets": 311202,
      "income": 3450689,
      "investmentGain": 536296,
      "isFireAchieved": true,
      "mortgageCost": 1440000,
      "nisaAssets": 2029578,
      "otherAssets": 0,
      "postFireSocialInsurance": 387916,
      "stocks": 5911518,
      "totalTax": 869711,
    },
    {
      "age": 38,
      "capitalGains": 2139058,
      "capitalGainsTax": 434550,
      "cashAssets": 0,
      "childAllowance": 240000,
      "childCosts": 1875148,
      "expenses": 8819800,
      "grossIncome": 4121204,
      "idecoAssets": 326762,
      "income": 3481456,
      "investmentGain": 281646,
      "isFireAchieved": true,
      "mortgageCost": 1440000,
      "nisaAssets": 2131056,
      "otherAssets": 0,
      "postFireSocialInsurance": 559207,
      "stocks": 303231,
      "totalTax": 879748,
    },
    {
      "age": 39,
      "capitalGains": 117827,
      "capitalGainsTax": 23937,
      "cashAssets": 0,
      "childAllowance": 240000,
      "childCosts": 1893899,
      "expenses": 8924819,
      "grossIncome": 4162416,
      "idecoAssets": 343100,
      "income": 3512531,
      "investmentGain": 48248,
      "isFireAchieved": true,
      "mortgageCost": 1440000,
      "nisaAssets": 0,
      "otherAssets": 0,
      "postFireSocialInsurance": 596021,
      "stocks": 0,
      "totalTax": 889885,
    },
    {
      "age": 40,
      "capitalGains": 0,
      "capitalGainsTax": 0,
      "cashAssets": 0,
      "childAllowance": 240000,
      "childCosts": 2017939,
      "expenses": 8916548,
      "grossIncome": 4204040,
      "idecoAssets": 360255,
      "income": 3543916,
      "investmentGain": 17155,
      "isFireAchieved": true,
      "mortgageCost": 1440000,
      "nisaAssets": 0,
      "otherAssets": 0,
      "postFireSocialInsurance": 413760,
      "stocks": 0,
      "totalTax": 900124,
    },
    {
      "age": 41,
      "capitalGains": 0,
      "capitalGainsTax": 0,
      "cashAssets": 0,
      "childAllowance": 240000,
      "childCosts": 2038119,
      "expenses": 8987175,
      "grossIncome": 4246081,
      "idecoAssets": 378268,
      "income": 3575616,
      "investmentGain": 18013,
      "isFireAchieved": true,
      "mortgageCost": 1440000,
      "nisaAssets": 0,
      "otherAssets": 0,
      "postFireSocialInsurance": 413760,
      "stocks": 0,
      "totalTax": 910465,
    },
    {
      "age": 42,
      "capitalGains": 0,
      "capitalGainsTax": 0,
      "cashAssets": 0,
      "childAllowance": 240000,
      "childCosts": 2058500,
      "expenses": 9058510,
      "grossIncome": 4288541,
      "idecoAssets": 397181,
      "income": 3574137,
      "investmentGain": 18913,
      "isFireAchieved": true,
      "mortgageCost": 1440000,
      "nisaAssets": 0,
      "otherAssets": 0,
      "postFireSocialInsurance": 413760,
      "stocks": 0,
      "totalTax": 954404,
    },
    {
      "age": 43,
      "capitalGains": 0,
      "capitalGainsTax": 0,
      "cashAssets": 0,
      "childAllowance": 240000,
      "childCosts": 1862514,
      "expenses": 8913986,
      "grossIncome": 4331427,
      "idecoAssets": 417040,
      "income": 3606139,
      "investmentGain": 19859,
      "isFireAchieved": true,
      "mortgageCost": 1440000,
      "nisaAssets": 0,
      "otherAssets": 0,
      "postFireSocialInsurance": 413760,
      "stocks": 0,
      "totalTax": 965288,
    },
    {
      "age": 44,
      "capitalGains": 0,
      "capitalGainsTax": 0,
      "cashAssets": 0,
      "childAllowance": 240000,
      "childCosts": 1881139,
      "expenses": 8984588,
      "grossIncome": 4374741,
      "idecoAssets": 437892,
      "income": 3638461,
      "investmentGain": 20852,
      "isFireAchieved": true,
      "mortgageCost": 1440000,
      "nisaAssets": 0,
      "otherAssets": 0,
      "postFireSocialInsurance": 413760,
      "stocks": 0,
      "totalTax": 976280,
    },
    {
      "age": 45,
      "capitalGains": 0,
      "capitalGainsTax": 0,
      "cashAssets": 0,
      "childAllowance": 240000,
      "childCosts": 1899950,
      "expenses": 9055896,
      "grossIncome": 4418489,
      "idecoAssets": 459787,
      "income": 3671106,
      "investmentGain": 21895,
      "isFireAchieved": true,
      "mortgageCost": 1440000,
      "nisaAssets": 0,
      "otherAssets": 0,
      "postFireSocialInsurance": 413760,
      "stocks": 0,
      "totalTax": 987383,
    },
    {
      "age": 46,
      "capitalGains": 0,
      "capitalGainsTax": 0,
      "cashAssets": 0,
      "childAllowance": 240000,
      "childCosts": 1662346,
      "expenses": 8871314,
      "grossIncome": 4462673,
      "idecoAssets": 482776,
      "income": 3704012,
      "investmentGain": 22989,
      "isFireAchieved": true,
      "mortgageCost": 1440000,
      "nisaAssets": 0,
      "otherAssets": 0,
      "postFireSocialInsurance": 413760,
      "stocks": 0,
      "totalTax": 998662,
    },
    {
      "age": 47,
      "capitalGains": 0,
      "capitalGainsTax": 0,
      "cashAssets": 0,
      "childAllowance": 240000,
      "childCosts": 1678969,
      "expenses": 8941489,
      "grossIncome": 4507300,
      "idecoAssets": 506915,
      "income": 3735847,
      "investmentGain": 24139,
      "isFireAchieved": true,
      "mortgageCost": 1440000,
      "nisaAssets": 0,
      "otherAssets": 0,
      "postFireSocialInsurance": 413760,
      "stocks": 0,
      "totalTax": 1011453,
    },
    {
      "age": 48,
      "capitalGains": 0,
      "capitalGainsTax": 0,
      "cashAssets": 0,
      "childAllowance": 240000,
      "childCosts": 1695759,
      "expenses": 9012367,
      "grossIncome": 4552373,
      "idecoAssets": 532261,
      "income": 3768001,
      "investmentGain": 25346,
      "isFireAchieved": true,
      "mortgageCost": 1440000,
      "nisaAssets": 0,
      "otherAssets": 0,
      "postFireSocialInsurance": 413760,
      "stocks": 0,
      "totalTax": 1024372,
    },
    {
      "age": 49,
      "capitalGains": 0,
      "capitalGainsTax": 0,
      "cashAssets": 0,
      "childAllowance": 120000,
      "childCosts": 2643791,
      "expenses": 10015027,
      "grossIncome": 4597897,
      "idecoAssets": 558874,
      "income": 3680476,
      "investmentGain": 26613,
      "isFireAchieved": true,
      "mortgageCost": 1440000,
      "nisaAssets": 0,
      "otherAssets": 0,
      "postFireSocialInsurance": 413760,
      "stocks": 0,
      "totalTax": 1037421,
    },
    {
      "age": 50,
      "capitalGains": 0,
      "capitalGainsTax": 0,
      "cashAssets": 0,
      "childAllowance": 120000,
      "childCosts": 2670229,
      "expenses": 10096640,
      "grossIncome": 4643876,
      "idecoAssets": 586818,
      "income": 3713276,
      "investmentGain": 27944,
      "isFireAchieved": true,
      "mortgageCost": 1440000,
      "nisaAssets": 0,
      "otherAssets": 0,
      "postFireSocialInsurance": 413760,
      "stocks": 0,
      "totalTax": 1050600,
    },
    {
      "age": 51,
      "capitalGains": 0,
      "capitalGainsTax": 0,
      "cashAssets": 0,
      "childAllowance": 120000,
      "childCosts": 2696931,
      "expenses": 10179068,
      "grossIncome": 4690315,
      "idecoAssets": 616158,
      "income": 3746404,
      "investmentGain": 29341,
      "isFireAchieved": true,
      "mortgageCost": 1440000,
      "nisaAssets": 0,
      "otherAssets": 0,
      "postFireSocialInsurance": 413760,
      "stocks": 0,
      "totalTax": 1063911,
    },
    {
      "age": 52,
      "capitalGains": 0,
      "capitalGainsTax": 0,
      "cashAssets": 0,
      "childAllowance": 0,
      "childCosts": 3079192,
      "expenses": 10617613,
      "grossIncome": 4737218,
      "idecoAssets": 646966,
      "income": 3659863,
      "investmentGain": 30808,
      "isFireAchieved": true,
      "mortgageCost": 1440000,
      "nisaAssets": 0,
      "otherAssets": 0,
      "postFireSocialInsurance": 413760,
      "stocks": 0,
      "totalTax": 1077355,
    },
    {
      "age": 53,
      "capitalGains": 0,
      "capitalGainsTax": 0,
      "cashAssets": 0,
      "childAllowance": 0,
      "childCosts": 1554992,
      "expenses": 9150260,
      "grossIncome": 4784590,
      "idecoAssets": 679315,
      "income": 3693657,
      "investmentGain": 32348,
      "isFireAchieved": true,
      "mortgageCost": 1440000,
      "nisaAssets": 0,
      "otherAssets": 0,
      "postFireSocialInsurance": 413760,
      "stocks": 0,
      "totalTax": 1090933,
    },
    {
      "age": 54,
      "capitalGains": 0,
      "capitalGainsTax": 0,
      "cashAssets": 0,
      "childAllowance": 0,
      "childCosts": 1570542,
      "expenses": 9223225,
      "grossIncome": 4832436,
      "idecoAssets": 713280,
      "income": 3727789,
      "investmentGain": 33966,
      "isFireAchieved": true,
      "mortgageCost": 1440000,
      "nisaAssets": 0,
      "otherAssets": 0,
      "postFireSocialInsurance": 413760,
      "stocks": 0,
      "totalTax": 1104647,
    },
    {
      "age": 55,
      "capitalGains": 0,
      "capitalGainsTax": 0,
      "cashAssets": 0,
      "childAllowance": 0,
      "childCosts": 1586247,
      "expenses": 9296919,
      "grossIncome": 4880760,
      "idecoAssets": 748944,
      "income": 3762262,
      "investmentGain": 35664,
      "isFireAchieved": true,
      "mortgageCost": 1440000,
      "nisaAssets": 0,
      "otherAssets": 0,
      "postFireSocialInsurance": 413760,
      "stocks": 0,
      "totalTax": 1118498,
    },
    {
      "age": 56,
      "capitalGains": 0,
      "capitalGainsTax": 0,
      "cashAssets": 0,
      "childAllowance": 0,
      "childCosts": 0,
      "expenses": 7769241,
      "grossIncome": 4929568,
      "idecoAssets": 786392,
      "income": 3797080,
      "investmentGain": 37447,
      "isFireAchieved": true,
      "mortgageCost": 1440000,
      "nisaAssets": 0,
      "otherAssets": 0,
      "postFireSocialInsurance": 413760,
      "stocks": 0,
      "totalTax": 1132488,
    },
    {
      "age": 57,
      "capitalGains": 0,
      "capitalGainsTax": 0,
      "cashAssets": 0,
      "childAllowance": 0,
      "childCosts": 0,
      "expenses": 7828396,
      "grossIncome": 0,
      "idecoAssets": 825711,
      "income": 0,
      "investmentGain": 39320,
      "isFireAchieved": true,
      "mortgageCost": 1440000,
      "nisaAssets": 0,
      "otherAssets": 0,
      "postFireSocialInsurance": 413760,
      "stocks": 0,
      "totalTax": 0,
    },
    {
      "age": 58,
      "capitalGains": 0,
      "capitalGainsTax": 0,
      "cashAssets": 0,
      "childAllowance": 0,
      "childCosts": 0,
      "expenses": 7888142,
      "grossIncome": 0,
      "idecoAssets": 866997,
      "income": 0,
      "investmentGain": 41286,
      "isFireAchieved": true,
      "mortgageCost": 1440000,
      "nisaAssets": 0,
      "otherAssets": 0,
      "postFireSocialInsurance": 413760,
      "stocks": 0,
      "totalTax": 0,
    },
    {
      "age": 59,
      "capitalGains": 0,
      "capitalGainsTax": 0,
      "cashAssets": 0,
      "childAllowance": 0,
      "childCosts": 0,
      "expenses": 7948486,
      "grossIncome": 0,
      "idecoAssets": 910347,
      "income": 0,
      "investmentGain": 43350,
      "isFireAchieved": true,
      "mortgageCost": 1440000,
      "nisaAssets": 0,
      "otherAssets": 0,
      "postFireSocialInsurance": 413760,
      "stocks": 0,
      "totalTax": 0,
    },
    {
      "age": 60,
      "capitalGains": 0,
      "capitalGainsTax": 0,
      "cashAssets": 0,
      "childAllowance": 0,
      "childCosts": 0,
      "expenses": 7805674,
      "grossIncome": 0,
      "idecoAssets": 955864,
      "income": 0,
      "investmentGain": 45517,
      "isFireAchieved": true,
      "mortgageCost": 1440000,
      "nisaAssets": 0,
      "otherAssets": 0,
      "postFireSocialInsurance": 210000,
      "stocks": 0,
      "totalTax": 0,
    },
    {
      "age": 61,
      "capitalGains": 0,
      "capitalGainsTax": 0,
      "cashAssets": 0,
      "childAllowance": 0,
      "childCosts": 0,
      "expenses": 7867230,
      "grossIncome": 0,
      "idecoAssets": 1003657,
      "income": 0,
      "investmentGain": 47793,
      "isFireAchieved": true,
      "mortgageCost": 1440000,
      "nisaAssets": 0,
      "otherAssets": 0,
      "postFireSocialInsurance": 210000,
      "stocks": 0,
      "totalTax": 0,
    },
    {
      "age": 62,
      "capitalGains": 0,
      "capitalGainsTax": 0,
      "cashAssets": 0,
      "childAllowance": 0,
      "childCosts": 0,
      "expenses": 7929403,
      "grossIncome": 0,
      "idecoAssets": 1053840,
      "income": 0,
      "investmentGain": 50183,
      "isFireAchieved": true,
      "mortgageCost": 1440000,
      "nisaAssets": 0,
      "otherAssets": 0,
      "postFireSocialInsurance": 210000,
      "stocks": 0,
      "totalTax": 0,
    },
    {
      "age": 63,
      "capitalGains": 0,
      "capitalGainsTax": 0,
      "cashAssets": 0,
      "childAllowance": 0,
      "childCosts": 0,
      "expenses": 7992197,
      "grossIncome": 0,
      "idecoAssets": 1106532,
      "income": 0,
      "investmentGain": 52692,
      "isFireAchieved": true,
      "mortgageCost": 1440000,
      "nisaAssets": 0,
      "otherAssets": 0,
      "postFireSocialInsurance": 210000,
      "stocks": 0,
      "totalTax": 0,
    },
    {
      "age": 64,
      "capitalGains": 0,
      "capitalGainsTax": 0,
      "cashAssets": 0,
      "childAllowance": 0,
      "childCosts": 0,
      "expenses": 8055619,
      "grossIncome": 0,
      "idecoAssets": 1161859,
      "income": 0,
      "investmentGain": 55327,
      "isFireAchieved": true,
      "mortgageCost": 1440000,
      "nisaAssets": 0,
      "otherAssets": 0,
      "postFireSocialInsurance": 210000,
      "stocks": 0,
      "totalTax": 0,
    },
    {
      "age": 65,
      "capitalGains": 0,
      "capitalGainsTax": 0,
      "cashAssets": 0,
      "childAllowance": 0,
      "childCosts": 0,
      "expenses": 6629675,
      "grossIncome": 2000000,
      "idecoAssets": 1219952,
      "income": 1602227,
      "investmentGain": 58093,
      "isFireAchieved": true,
      "mortgageCost": 0,
      "nisaAssets": 0,
      "otherAssets": 0,
      "postFireSocialInsurance": 160000,
      "stocks": 0,
      "totalTax": 397773,
    },
  ],
}
`;
